################################################################################
#                                                                              #
#      IAR Universal Linker V6.5.1.95                                          #
#                                                                              #
#           Link time     =  10/Jul/2020  11:16:41                             #
#           Target CPU    =  MSP430                                            #
#           List file     =  C:\Users\james\Desktop\batt24v\battvat578\bbpprog #
#                            \Debug\List\batt149.map                           #
#           Output file 1 =  C:\Users\james\Desktop\batt24v\battvat578\bbpprog #
#                            \Debug\Exe\batt149.txt                            #
#                            Format: msp430_txt                                #
#           Command line  =  -f C:\Users\james\AppData\Local\Temp\EWDA3C.tmp   #
#                            (C:\Users\james\Desktop\batt24v\battvat578\bbppro #
#                            g\Debug\Obj\battprintmain.r43                     #
#                            -o                                                #
#                            C:\Users\james\Desktop\batt24v\battvat578\bbpprog #
#                            \Debug\Exe\batt149.txt                            #
#                            -Fmsp430_txt -l                                   #
#                            C:\Users\james\Desktop\batt24v\battvat578\bbpprog #
#                            \Debug\List\batt149.map                           #
#                            -xms                                              #
#                            "-IC:\Program Files (x86)\IAR Systems\Embedded Wo #
#                            rkbench 8.0\430\LIB\"                             #
#                            -f                                                #
#                            "C:\Program Files (x86)\IAR Systems\Embedded Work #
#                            bench 8.0\430\config\linker\lnk430f149.xcl"       #
#                            (-cmsp430 -QCODE_I=CODE_ID -QTLS16_I=TLS16_ID     #
#                            -D__iar_HWMUL=130 -Z(CONST)INFO=1000-10FF         #
#                            -Z(CONST)INFOA=1080-10FF                          #
#                            -Z(CONST)INFOB=1000-107F                          #
#                            -Z(DATA)DATA16_I,DATA16_Z,DATA16_N,TLS16_I=0200-0 #
#                            9FF                                               #
#                            -Z(DATA)DATA16_HEAP+_DATA16_HEAP_SIZE             #
#                            -Z(DATA)CODE_I -Z(DATA)CSTACK+_STACK_SIZE#        #
#                            -Z(CONST)DATA16_C,DATA16_ID,TLS16_ID,DIFUNCT,CHEC #
#                            KSUM=1100-FFDF                                    #
#                            -Z(CODE)CSTART,ISR_CODE,CODE_ID=1100-FFDF         #
#                            -P(CODE)CODE=1100-FFDF -Z(CODE)INTVEC=FFE0-FFFF   #
#                            -Z(CODE)RESET=FFFE-FFFF) -f                       #
#                            "C:\Program Files (x86)\IAR Systems\Embedded Work #
#                            bench 8.0\430\config\linker\multiplier.xcl"       #
#                            (-e?Mul8Hw=?Mul8 -e?Mul16Hw=?Mul16                #
#                            -e?Mul16to32uHw=?Mul16to32u                       #
#                            -e?Mul16to32sHw=?Mul16to32s -e?Mul32Hw=?Mul32     #
#                            -e_Mul64iHw=_Mul64i                               #
#                            -e_Mul32u32uto64iHw=_Mul32u32uto64i               #
#                            -e?Mul32fHw=_Mul32f -e_Mul64fHwPtr=_Mul64fPtr)    #
#                            -D_STACK_SIZE=50 -D_DATA16_HEAP_SIZE=50           #
#                            -D_DATA20_HEAP_SIZE=50)                           #
#                                                                              #
#                           Copyright (C) 1987-2016 IAR Systems AB.            #
################################################################################





                ****************************************
                *                                      *
                *           CROSS REFERENCE            *
                *                                      *
                ****************************************

                  There are no program entries.


                ****************************************
                *                                      *
                *    AUTOMATIC SYMBOL REDIRECTIONS     *
                *                                      *
                ****************************************

                  There are no automatic symbol redirections.



                ****************************************
                *                                      *
                *              MODULE MAP              *
                *                                      *
                ****************************************


  DEFINED ABSOLUTE ENTRIES
    *************************************************************************

  DEFINED ABSOLUTE ENTRIES
  PROGRAM MODULE, NAME : ?ABS_ENTRY_MOD

Absolute parts
           ENTRY                   ADDRESS         REF BY
           =====                   =======         ======
           _DATA20_HEAP_SIZE       0050 
           _DATA16_HEAP_SIZE       0050 
           _STACK_SIZE             0050 
           __iar_HWMUL             0130 
    *************************************************************************

  FILE NAME : C:\Users\james\Desktop\batt24v\battvat578\bbpprog\Debug\Obj\battprintmain.r43
  PROGRAM MODULE, NAME : battprintmain

Absolute parts
     1100 - E2FF
     FFE8 - FFE9
     FFEC - FFF3
     FFFE - FFFF
           ENTRY                   ADDRESS         REF BY
           =====                   =======         ======
           FLT_ADD                 113C 
           FLT_SUB                 1140 
           FLT_MUL                 120C 
           FLT_DIV                 12CE 
           FLT_CMP                 1392 
           FLT_SAV                 1100 
           FLT_REC                 111E 
           FLT_END                 135A 
           CNV_BIN40               1412 
           CNV_BIN32               1416 
           CNV_BIN32U              1420 
           CNV_BIN16               1428 
           CNV_BIN16U              1434 
           CNV_BIN                 143A 
           CNV_FP_BIN              14C8 
           CNV_BCD_FP              1450 
           CNV_FP_BCD              14CC 
           LOCAL                   ADDRESS         
           =====                   =======         
           FSA                     1144 
           EXIT                    134C 
           FA12                    1168 
           FA1                     1184 
           FA2                     119E 
           FA3                     11A2 
           RES0                    1368 
           FA6                     11C8 
           DDRNZ                   1344 
           FA7                     11BA 
           FA8                     11F2 
           FA10                    11DC 
           DBL_UNDERFLOW           1368 
           FA11                    1208 
           DBL_OVERFLOW            1372 
           NORMLZ                  1338 
           FM1                     1228 
           FM2                     122E 
           FM5                     12C2 
           FM6                     12CA 
           DIV_BY_ZERO             138C 
           FD1                     12EC 
           FD2                     12F2 
           FD4                     1304 
           FD3                     1314 
           FD5                     1332 
           EXITE                   134E 
           RES01                   136A 
           L$1                     137E 
           FC2                     13B8 
           A1LTA2                  13CA 
           FC4                     13B2 
           A1EQA2                  13CE 
           A1GTA2                  13B4 
           FC5                     13C8 
           FNZ1                    1402 
           FNZ2                    1410 
           CNVL$1                  1422 
           CNVL$2                  1438 
           NORM                    14A4 
           BCD_LOP1                146A 
           CNVL$5                  148A 
           NORM_LOP                14B2 
           NORMED                  14C2 
           CNV_ERR4                1562 
           BCD_CNV                 151C 
           FPBIN                   1508 
           BCD_LOP2                1526 
           CNV_ERR3                1552 
           FPBCD                   153A 
           N_0                     1570 
           N_1                     1580 
           N_2                     1590 
           N_3                     15A0 
           N_4                     15B0 
           N_5                     15C0 
           N_6                     15D0 
           N_7                     15E0 
           N_8                     15F0 
           N_9                     1600 
           DOT_BYE                 1610 
           N_11                    1618 
           N_12                    162E 
           N_13                    1644 
           N_14                    165A 
           N_16                    1670 
           N_17                    1690 
           N_18                    16AA 
           N_19                    172A 
           N_21                    1738 
           N_23                    1740 
           N_25                    1760 
           N_26                    1770 
           N_27                    1780 
           W_A                     1790 
           W_B                     17A6 
           W_C                     17BA 
           W_D                     17CE 
           W_E                     17E4 
           W_F                     17F6 
           W_G                     1806 
           W_H                     181C 
           W_I                     1832 
           W_J                     183C 
           W_K                     1848 
           W_L                     185E 
           W_M                     1870 
           W_N                     188A 
           W_O                     18A0 
           W_P                     18B6 
           W_Q                     18C6 
           W_R                     18DC 
           W_S                     18F0 
           W_T                     1900 
           W_U                     1912 
           W_V                     1928 
           W_W                     193E 
           W_X                     195A 
           W_Y                     1970 
           W_Z                     1986 
           W_a                     1998 
           W_b                     19A6 
           W_c                     19B6 
           W_d                     19C4 
           W_e                     19D4 
           W_f                     19E2 
           W_g                     19EC 
           W_h                     19FC 
           W_i                     1A0C 
           W_j                     1A14 
           W_k                     1A1C 
           W_l                     1A2C 
           W_m                     1A34 
           W_n                     1A4C 
           W_o                     1A5C 
           W_p                     1A6C 
           W_q                     1A7C 
           W_r                     1A8C 
           W_s                     1A96 
           W_t                     1AA2 
           W_u                     1AAA 
           W_v                     1ABA 
           W_w                     1ACA 
           W_x                     1AE0 
           W_y                     1AF0 
           W_z                     1B00 
           W_3                     1B0E 
           W_4                     1B2E 
           W_6                     1B4E 
           W_7                     1B6E 
           W_8                     1B8E 
           W_9                     1BAE 
           W_12                    1BCE 
           W_15                    1BEE 
           W_16                    1C0E 
           W_17                    1C2E 
           W_18                    1C4E 
           W_19                    1C6E 
           W_20                    1C8E 
           W_21                    1CAE 
           W_22                    1CCE 
           W_23                    1CEE 
           W_24                    1D0E 
           W_25                    1D2E 
           W_26                    1D4E 
           W_27                    1D6E 
           W_28                    1D8E 
           W_29                    1DAE 
           W_30                    1DCE 
           W_31                    1DEE 
           W_32                    1E0E 
           W_33                    1E2E 
           W_34                    1E4E 
           W_35                    1E6E 
           W_36                    1E8E 
           W_37                    1EAE 
           W_38                    1ECE 
           W_39                    1EEE 
           W_40                    1F0E 
           W_41                    1F2E 
           W_42                    1F4E 
           W_43                    1F6E 
           W_44                    1F8E 
           W_45                    1FAE 
           W_46                    1FCE 
           W_47                    1FEE 
           W_48                    200E 
           W_49                    202E 
           W_50                    204E 
           W_51                    206E 
           W_52                    208E 
           W_53                    20AE 
           W_54                    20CE 
           W_55                    20EE 
           W_56                    210E 
           W_57                    212E 
           W_58                    214E 
           W_59                    216E 
           W_60                    218E 
           W_61                    21AE 
           W_62                    21CE 
           W_63                    21EE 
           W_64                    220E 
           W_65                    222E 
           W_66                    224E 
           W_67                    226E 
           W_68                    228E 
           W_69                    22AE 
           W_70                    22CE 
           W_71                    22EE 
           W_72                    230E 
           W_73                    232E 
           W_74                    234E 
           W_75                    236E 
           W_76                    238E 
           W_77                    23AE 
           W_78                    23CE 
           W_79                    23EE 
           W_80                    240E 
           W_81                    242E 
           W_82                    244E 
           W_83                    246E 
           W_84                    248E 
           W_85                    24AE 
           W_86                    24CE 
           W_87                    24EE 
           W_88                    250E 
           W_89                    252E 
           W_91                    254E 
           W_92                    256E 
           W_93                    258E 
           W_94                    25AE 
           W_95                    25CE 
           W_96                    25EE 
           W_97                    260E 
           W_98                    262E 
           W_99                    264E 
           W_100                   266E 
           W_101                   268E 
           W_102                   26AE 
           W_103                   26CE 
           W_104                   26EE 
           W_105                   270E 
           W_106                   272E 
           W_107                   274E 
           W_108                   276E 
           W_109                   278E 
           W_110                   27AE 
           W_111                   27CE 
           W_112                   27EE 
           W_113                   280E 
           W_114                   282E 
           W_116                   284E 
           W_118                   286E 
           W_121                   288E 
           W_122                   28AE 
           W_123                   28CE 
           W_124                   28EE 
           W_125                   290E 
           W_126                   292E 
           W_127                   294E 
           W_128                   296E 
           W_129                   298E 
           W_131                   29AE 
           W_132                   29CE 
           W_133                   29EE 
           W_134                   2A0E 
           W_135                   2A2E 
           W_136                   2A4E 
           W_137                   2A6E 
           W_138                   2A8E 
           W_139                   2AAE 
           W_140                   2ACE 
           W_141                   2AEE 
           W_142                   2B0E 
           W_143                   2B2E 
           W_144                   2B4E 
           W_145                   2B6E 
           W_146                   2B8E 
           W_147                   2BAE 
           W_148                   2BCE 
           W_149                   2BEE 
           W_150                   2C0E 
           W_151                   2C2E 
           W_152                   2C4E 
           W_154                   2C6E 
           W_155                   2C8E 
           W_156                   2CAE 
           W_157                   2CCE 
           W_158                   2CEE 
           W_159                   2D0E 
           W_160                   2D2E 
           W_161                   2D4E 
           W_162                   2D6E 
           W_163                   2D8E 
           W_164                   2DAE 
           W_165                   2DCE 
           W_166                   2DEE 
           W_167                   2E0E 
           W_168                   2E2E 
           W_169                   2E4E 
           W_170                   2E6E 
           W_171                   2E8E 
           W_172                   2EAE 
           W_173                   2ECE 
           W_174                   2EEE 
           W_175                   2F0E 
           W_176                   2F2E 
           W_177                   2F4E 
           W_178                   2F6E 
           W_179                   2F8E 
           W_180                   2FAE 
           W_181                   2FCE 
           W_182                   2FEE 
           W_183                   300E 
           W_184                   302E 
           W_185                   304E 
           W_186                   306E 
           W_187                   308E 
           W_188                   30AE 
           W_189                   30CE 
           W_190                   30EE 
           W_191                   310E 
           W_192                   312E 
           W_193                   314E 
           W_194                   316E 
           W_195                   318E 
           W_196                   31AE 
           W_197                   31CE 
           W_198                   31EE 
           W_199                   320E 
           W_200                   322E 
           W_211                   324E 
           W_212                   326E 
           W_213                   328E 
           W_214                   32AE 
           W_215                   32CE 
           W_216                   32EE 
           W_217                   330E 
           K_1                     332E 
           K_2                     33AE 
           K_3                     33CA 
           K_4                     3426 
           K_5                     3482 
           K_6                     3502 
           K_7                     353C 
           K_8                     35BC 
           K_9                     35D8 
           K_10                    35F4 
           K_11                    3666 
           K_12                    36E6 
           K_13                    3746 
           K_14                    37A6 
           K_15                    37E6 
           K_16                    3836 
           K_17                    3870 
           K_18                    38F0 
           K_19                    390E 
           K_20                    394A 
           K_21                    39CA 
           K_22                    3A0A 
           K_23                    3A8A 
           K_24                    3B0A 
           K_25                    3B26 
           K_26                    3BA6 
           K_27                    3BE4 
           K_28                    3C52 
           K_29                    3CB2 
           K_30                    3D32 
           K_31                    3D9E 
           K_32                    3DFE 
           K_33                    3E38 
           K_34                    3E52 
           K_35                    3ED2 
           K_36                    3F32 
           K_37                    3FB2 
           K_38                    4012 
           K_39                    4092 
           K_40                    4112 
           K_41                    4192 
           K_42                    41F2 
           K_43                    4272 
           K_44                    42AE 
           K_45                    430E 
           K_46                    434A 
           K_47                    4366 
           K_48                    43CA 
           K_49                    442E 
           K_50                    446E 
           K_54                    44EE 
           K_55                    452E 
           K_56                    4548 
           K_57                    4566 
           K_64                    45A4 
           K_65                    45E2 
           K_66                    461E 
           K_67                    469E 
           K_68                    471E 
           K_69                    473C 
           K_70                    47BC 
           K_71                    481A 
           K_72                    4856 
           K_73                    4872 
           K_74                    48F2 
           K_75                    492E 
           K_76                    49A2 
           K_77                    4A22 
           String_SPEC_E           4A62 
           String_RESULTS_E        4A72 
           String_CHARGRETEST_E    4A82 
           String_CELLBAD_E        4A8F 
           String_RECHARGE_E       4A97 
           String_INTR_E           4A9F 
           String_LIFE_E           4AAF 
           String_GOOD_E           4ABF 
           String_BAD_E            4AC3 
           String_NORMALV_E        4ACA 
           String_CRANKV_E         4ADA 
           String_BATTREPORT_E     4AEA 
           String_soc_state_E      4AFC 
           String_Customer_name_E
                                   4B00 
           String_Technician_name_E
                                   4B09 
           String_CHARGREPORT_E    4B14 
           String_slv_E            4B26 
           String_SPEC_T           4B38 
           String_RESULTS_T        4B48 
           String_CHARGRETEST_T    4B58 
           String_CELLBAD_T        4B60 
           String_RECHARGE_T       4B68 
           String_INTR_T           4B6E 
           String_LIFE_T           4B7E 
           String_GOOD_T           4B8E 
           String_BAD_T            4B92 
           String_NORMALV_T        4B96 
           String_CRANKV_T         4BA6 
           String_BATTREPORT_T     4BB6 
           String_soc_state_T      4BC8 
           String_Customer_name_T
                                   4BD0 
           String_Technician_name_T
                                   4BD7 
           String_CHARGREPORT_T    4BDC 
           String_slv_T            4BEE 
           String_SPEC_J           4C00 
           String_RESULTS_J        4C10 
           String_CHARGRETEST_J    4C20 
           String_CELLBAD_J        4C2E 
           String_RECHARGE_J       4C36 
           String_INTR_J           4C3C 
           String_LIFE_J           4C4C 
           String_GOOD_J           4C5C 
           String_BAD_J            4C64 
           String_NORMALV_J        4C68 
           String_CRANKV_J         4C78 
           String_BATTREPORT_J     4C88 
           String_soc_state_J      4C9A 
           String_Customer_name_J
                                   4CA2 
           String_Technician_name_J
                                   4CA9 
           String_CHARGREPORT_J    4CB0 
           String_slv_J            4CC2 
           String_SPEC_K           4CD4 
           String_RESULTS_K        4CE4 
           String_CHARGRETEST_K    4CF4 
           String_CELLBAD_K        4CFE 
           String_RECHARGE_K       4D06 
           String_INTR_K           4D0E 
           String_LIFE_K           4D1E 
           String_GOOD_K           4D2E 
           String_BAD_K            4D32 
           String_NORMALV_K        4D36 
           String_CRANKV_K         4D46 
           String_dt_logo          4D56 
           String_BATTREPORT_K     4D72 
           String_Customer_name_K
                                   4D88 
           String_Technician_name_K
                                   4D90 
           String_CHARGREPORT_K    4D98 
           String_slv_K            4DAE 
           String_CCA              4DC4 
           String_EN               4DC8 
           String_DIN              4DCC 
           String_IEC              4DD0 
           String_M                4DD4 
           String_V                4DD8 
           String_p                4DDA 
           String_3000RPM          4DDC 
           String_2000RPM          4DEC 
           String_1500RPM          4DFC 
           String_1000RPM          4E0C 
           String_MAX              4E1C 
           String_MIN              4E20 
           String_150V             4E24 
           String_300V             4E2E 
           String_133V             4E38 
           String_266V             4E42 
           String_135V             4E4C 
           String_270V             4E56 
           String_125V             4E60 
           String_250V             4E6A 
           String_92V              4E74 
           String_155V             4E7B 
           String_DOT              4E83 
           String_0                4E84 
           String_sp1_10           4E8E 
           String_square           4E98 
           String_square_spec      4E9A 
           keyscan                 4E9C 
           P1ISR                   4EB8 
           scan                    4ECC 
           next                    4ED2 
           w3                      4EDA 
           DU_1                    4EE2 
           keyin                   4EF6 
           r_p1int                 4F3A 
           BEEP                    9A16 
           wait_kb                 4F08 
           time_on                 4F26 
           time_off                4F2A 
           key_time_out            4F36 
           wait_relase             4F32 
           KEY_INDEX               4F6E 
           time_on_1               4F62 
           PATTERNTABLE            4F7C 
           SELECT_BATT_GENERATOR_brake
                                   4F92 
           cca_en_iec_din          4FCE 
           CCA_INDEX               502A 
           EN_INDEX                50A2 
           DIN_INDEX               511A 
           IEC_INDEX               5192 
           JIS1_INDEX              520A 
           JIS2_INDEX              5272 
           LANGUE_SEL              52DA 
           VOLTAGE_12V_24V_SEL     5342 
           VRAI_AGM_SEL            5374 
           KS3a                    4F92 
           KS4a                    4FAA 
           KS0a                    4FA8 
           KS1a                    4FAA 
           KS5a                    4FC4 
           KS2a                    4FC2 
           KS6a                    4FC4 
           KS8a                    4FC4 
           KS7a                    4FC6 
           KS3                     4FCE 
           KS1                     4FE8 
           KS0                     4FE6 
           ks4                     4FE8 
           KS5                     5002 
           KS2                     5000 
           KS6                     5014 
           KS7                     5022 
           CCS0                    502A 
           CCS2                    5048 
           CCS1                    5046 
           CCS4                    5066 
           CCS3                    5064 
           CCS6                    5084 
           CCS5                    5082 
           CCS7                    50A0 
           EN0                     50A2 
           EN2                     50C0 
           EN1                     50BE 
           EN4                     50DE 
           EN3                     50DC 
           EN6                     50FC 
           EN5                     50FA 
           EN7                     5118 
           DIN0                    511A 
           DIN2                    5138 
           DIN1                    5136 
           DIN4                    5156 
           DIN3                    5154 
           DIN6                    5174 
           DIN5                    5172 
           DIN7                    5190 
           IEC0                    5192 
           IEC2                    51B0 
           IEC1                    51AE 
           IEC4                    51CE 
           IEC3                    51CC 
           IEC6                    51EC 
           IEC5                    51EA 
           IEC7                    5208 
           JIS10                   520A 
           JIS12                   5222 
           JIS11                   5220 
           JIS14                   523E 
           JIS13                   523C 
           JIS16                   5256 
           JIS15                   5254 
           JIS17                   5270 
           JIS20                   5272 
           JIS22                   528A 
           JIS21                   5288 
           JIS24                   52A6 
           JIS23                   52A4 
           JIS26                   52BE 
           JIS25                   52BC 
           JIS27                   52D8 
           KS3b                    52DA 
           KS4b                    52F4 
           KS0b                    52F2 
           KS1b                    52F4 
           KS5b                    530C 
           KS2b                    530A 
           KS6b                    531E 
           KS7b                    533A 
           KS8b                    5338 
           KS3C                    5342 
           KS4C                    535C 
           KS0C                    535A 
           KS1C                    535C 
           KS2C                    5372 
           KS3C_agm                5374 
           KS4C_agm                538C 
           KS0C_agm                538A 
           KS1C_agm                538C 
           KS2C_agm                53A4 
           disbrakefluid_SEL       53A6 
           KS3c                    53A6 
           KS0c                    53A6 
           KS1c                    53A6 
           KS4c                    53A6 
           KS2c                    53A6 
           adc_0_nor               53A8 
           SetupADC12              53A8 
           adc_common              540C 
           adc_common1             541A 
           adc_1_nor               53B8 
           adc_2_nor               53C8 
           adc_3_nor               53D8 
           delay_3ms               9AC8 
           adc_5_nor               53EC 
           adc_10_nor              53FC 
           testIFG_1_testmode      5426 
           adc_0_avg               542E 
           adc_avg_common          54BE 
           adc_avg_0_loop1         5432 
           adc_avg_common1         54C8 
           adc_1_avg               5446 
           adc_avg_1_loop1         544A 
           adc_2_avg               545E 
           adc_avg_2_loop1         5462 
           adc_3_avg               5476 
           adc_avg_3_loop1         547A 
           adc_5_avg               548E 
           adc_avg_5_loop1         5492 
           adc_10_avg              54A6 
           adc_avg_10_loop1        54AA 
           ADC12_ISR               54DA 
           BIN2BCD4                54E2 
           BIN1                    54E8 
           BCD_SWPB                54F8 
           testmode                5562 
           LCM_INITIAL             580A 
           testmode_1              5582 
           DIS_ADC3                8148 
           delay_500ms             9AB8 
           test_mode               C188 
           DIS_CCA                 81C0 
           UNIT_CCA_2              7712 
           redis_MR                63C4 
           DIS_ADC1                814C 
           adc3_drift              55CE 
           adc3_drift_time_10      55DC 
           adc3_drift_100          55D6 
           DIS_ADC2                8150 
           adc3_VAL_temp_adc3_VAL_temp1
                                   561A 
           adc3_ok                 5626 
           adc3_ok_ok              562E 
           write_flash_adc3_VAL_end
                                   5668 
           auto_power_adc3_MR_rate
                                   DFE6 
           auto_power_votage_rate
                                   E096 
           auto_power_mr_rate      E0E2 
           CALCULATE_CCA_VAL       C372 
           WRITE_LCM_CS1           568E 
           WRITE_INSTRUCTION_CS1   5756 
           PR_CS1_UP               56A4 
           WRITE_DATA_CS1          579A 
           PR_CS1_DOWN             56C4 
           WRITE_LCM_CS2           56D0 
           WRITE_INSTRUCTION_CS2   5778 
           PR_CS2_UP               56E6 
           WRITE_DATA_CS2          57C4 
           PR_CS2_DOWN             5706 
           WRITE_LCM_CS1_1         5712 
           PR_CS1_UP_1             5728 
           WRITE_LCM_CS2_1         5734 
           PR_CS2_UP_1             574A 
           WORD_B_K                57B0 
           WORD_B_K_1              57DA 
           LCM_ON                  57EE 
           LCM_OFF                 57FC 
           CLS1_LCM                5824 
           CLS2_LCM                5840 
           logo                    5858 
           eng                     58A8 
           logo_1                  586E 
           PR_CS1_logo             588A 
           PR_CS2_logo             5898 
           display_v               5CA8 
           Write_SegA              5CEC 
           Timing                  5CEC 
           Erase_SegA              5CF2 
           Prog_SegA               5D02 
           Prog_L1                 5D08 
           CopyA2B                 5D0A 
           Erase_SegB              5D12 
           Prog_SegB               5D26 
           Prog_L2                 5D2C 
           dislanguagesel          5D3E 
           dislanguagesel_T        5E54 
           dislanguagesel_E        5D4A 
           dislanguagesel_J        5EBA 
           dislanguagesel_K        5F22 
           dislanguage             5FA0 
           SEL_D                   5FAE 
           SEL_E                   6022 
           SEL_j                   6072 
           SEL_K                   60A2 
           disnopaper              60B4 
           nopaper_val_01          60C2 
           disnopaper_T            6138 
           disnopaper_E            60D0 
           disnopaper_J            616E 
           disnopaper_K            6188 
           disnoprint              61A8 
           disnoprint_T            621A 
           disnoprint_E            61B6 
           disnoprint_J            6270 
           disnoprint_K            631C 
           re_display_battery      633E 
           DISPLAY4                7440 
           redis_cca               6352 
           redis_en                636A 
           redis_PERCEN            63B4 
           redis_din               6384 
           UNIT_EN_2               7774 
           redis_iec               639C 
           UNIT_DIN_2              77D4 
           redis_unknow            63D6 
           UNIT_IEC_2              7844 
           DIS_100                 78E8 
           redis_REPLACE           63C0 
           CALCULATE_GOOD_REPLACE
                                   C606 
           DIS_MR                  824A 
           re_display_generator    63E8 
           disgenerator_2000_rpm   896E 
           DIS_gen_val_now         9366 
           DIS_gen_val_max         90D0 
           DIS_gen_val_min         921C 
           re_display_slv          6412 
           disslv                  9AE4 
           DIS_OCV                 9CC8 
           DIS_9_6V                9FB8 
           DIS_SLV                 9E40 
           DISPLAY1                6434 
           DISPLAY1_T              65A8 
           DISPLAY1_E              6440 
           DIS_CCA_EN_DIN_IEC_JIS_COM
                                   67C4 
           SEL_24_E                653E 
           DISPLAY1_J              6682 
           SEL_1                   65AE 
           SEL_2                   65BC 
           SEL_3                   65CC 
           SEL_4                   65DC 
           SEL_5                   65EC 
           SEL_6                   65FA 
           SEL_7                   660A 
           SEL_8                   661A 
           SEL_24                  663E 
           SEL_25                  6650 
           SEL_26                  6660 
           SEL_27                  6670 
           DISPLAY1_K              6720 
           SEL_1J                  668A 
           SEL_2J                  6698 
           SEL_3J                  66A8 
           SEL_4J                  66B8 
           SEL_7J                  66C8 
           SEL_8J                  66D8 
           SEL_24J                 66FC 
           SEL_25J                 670E 
           SEL_1K                  6720 
           SEL_7K                  676C 
           SEL_8K                  677C 
           SEL_24K                 67B0 
           SEL_9_E                 67D2 
           SEL_12_E                6810 
           SEL_14_E                6840 
           SEL_17_E                6880 
           SEL_20_E                68C0 
           DISPLAY2                68F0 
           DISPLAY2_T              6B60 
           DISPLAY2_E              68FC 
           ENTER_PRESS_E           6A46 
           DISPLAY2_J              6CD2 
           ENTER_PRESS_T           6C28 
           DISPLAY2_K              6E04 
           ENTER_PRESS_J           6D7E 
           ENTER_PRESS_K_1         6EB6 
           DISPLAY5                6EEC 
           DISPLAY5_T              71F2 
           DISPLAY5_E              6EF8 
           DISPLAY5_J              72E8 
           DISPLAY5_K              73C0 
           DISPLAY4_T              74B8 
           DISPLAY4_E              744A 
           DISPLAY4_J              7500 
           DISPLAY4_K              752A 
           DISPLAY7                753C 
           DISPLAY7_T              7608 
           DISPLAY7_E              7546 
           DISPLAY7_J              768E 
           DISPLAY7_K              76C8 
           UNIT_CCA                76DA 
           UNIT_EN                 774A 
           UNIT_DIN                779C 
           UNIT_IEC                780C 
           UNIT_JIS                787C 
           UNIT_JIS_2              78B2 
           DIS_100_T               7934 
           DIS_100_E               78F6 
           DIS_100_UNMBER          7990 
           DIS_100_J               795A 
           DIS_100_K               7982 
           DIS_100_1               79B0 
           SCAN_0_9                9A54 
           DIS_100_2               79C2 
           DIS_100_3               79D4 
           DIS_100_4               79E0 
           DIS_PASS                7A04 
           DIS_PASS_T              7A5A 
           DIS_PASS_E              7A10 
           DIS_PASS_J              7A90 
           DIS_PASS_K              7AD8 
           DIS_WARNING             7AEA 
           DIS_WARNING_T           7B6E 
           DIS_WARNING_E           7AF6 
           DIS_WARNING_J           7BB4 
           DIS_WARNING_K           7BFC 
           DIS_REPLACE             7C3C 
           DIS_REPLACE_T           7CD8 
           DIS_REPLACE_E           7C48 
           DIS_REPLACE_J           7D22 
           DIS_REPLACE_K           7D5E 
           DIS_CHARGE_RETEST       7D74 
           DIS_CHARGE_RETEST_T     7E4A 
           DIS_CHARGE_RETEST_E     7D82 
           DIS_CHARGE_RETEST_J     7E90 
           DIS_CHARGE_RETEST_K     7EE8 
           DIS_CHARGE              7F08 
           DIS_CHARGE_T            7F92 
           DIS_CHARGE_E            7F16 
           DIS_CHARGE_J            7FC8 
           DIS_CHARGE_K            8000 
           DIS_CELL_BAD            8010 
           DIS_CELL_BAD_T          80A6 
           DIS_CELL_BAD_E          801E 
           DIS_CELL_BAD_J          80EC 
           DIS_CELL_BAD_K          8134 
           DIS_ADC3_rate           8144 
           DIS_ADC_COM             8154 
           DIS_CCA_rate            81BC 
           DIS_CCA_COM             81C2 
           DIS_CCA_1               81E0 
           DIS_CCA_2               81F4 
           DIS_CCA_3               8206 
           DIS_CCA_4               8218 
           DIS_CCA_5               822A 
           DIS_CCA_6               8236 
           DIS_MR_T                82EA 
           DIS_MR_E                8256 
           DIS_MR_NUMBER           8346 
           DIS_MR_J                8310 
           DIS_MR_K                8338 
           DIS_MR_5                8362 
           DIS_MR_6                8378 
           DIS_MR_1                838C 
           DIS_MR_2                83A0 
           DIS_MR_3                83B4 
           DIS_MR_4                83C2 
           DISPLAY3                8424 
           DISPLAY3_1              8446 
           DISPLAY3_2              845E 
           DISPLAY3_3              8476 
           DISPLAY3_4              847C 
           DISPLAY3_5              8492 
           DIS_TEST                84AA 
           DIS_TEST_1              84BE 
           disgenerator            84CC 
           disgenerator_T          867C 
           disgenerator_E          84D8 
           disgenerator_J          875E 
           disgenerator_K          8844 
           ENTER_PRESS_K_2         8862 
           disgenerator_3000_rpm   8898 
           disgenerator_3000_rpm_24v
                                   8908 
           disgenerator_2000_rpm_24v
                                   89DE 
           dis_enter_test          8A44 
           dis_enter_test_T        8A58 
           dis_enter_test_E        8A52 
           dis_enter_test_J        8A64 
           dis_enter_test_K        8A72 
           disgenerator_val        8A78 
           disgenerator_val_T      8C34 
           disgenerator_val_E      8A84 
           disgenerator_val_J      8D06 
           disgenerator_val_K      8E12 
           DIS_gen_max             8E46 
           DIS_30_0V_NUMBER_COM_24V
                                   8F40 
           DIS_15_0V_NUMBER_COM_12V
                                   8EF4 
           DIS_gen_min             8F8C 
           DIS_26_6V_NUMBER_COM_24V
                                   9084 
           DIS_13_3V_NUMBER_COM_12V
                                   9038 
           DIS_27_0V_NUMBER_COM_24V
                                   91CE 
           DIS_13_5V_NUMBER_COM_12V
                                   9180 
           DIS_25_0V_NUMBER_COM_24V
                                   9318 
           DIS_12_5V_NUMBER_COM_12V
                                   92CA 
           disselectitem           93D4 
           disselectitem_T         9658 
           disselectitem_E         93E0 
           SEL_F                   94C0 
           SEL_G                   9538 
           SEL_H                   95DE 
           disselectitem_J         977C 
           SEL_A                   96E8 
           SEL_B                   9716 
           SEL_C                   9758 
           disselectitem_K         994A 
           SEL_AJ                  980E 
           SEL_BJ                  986A 
           SEL_CJ                  98E8 
           SEL_AK                  99C4 
           SEL_BK                  99E2 
           SEL_CK                  9A02 
           SetupC0                 9A1C 
           SetupTA                 9A28 
           TA0_ISR                 9A34 
           t_e                     9A52 
           SCAN_0_9_TABLE          9A60 
           SCAN_0                  9A74 
           SCAN_1                  9A7A 
           SCAN_2                  9A80 
           SCAN_3                  9A86 
           SCAN_4                  9A8C 
           SCAN_5                  9A92 
           SCAN_6                  9A98 
           SCAN_7                  9A9E 
           SCAN_8                  9AA4 
           SCAN_9                  9AAA 
           delay_1s                9AB0 
           delay_100us             9AD0 
           delay_50ms              9AC0 
           d_1                     9AD0 
           d_2                     9AD6 
           disslv_T                9BCC 
           disslv_E                9AF0 
           disslv_J                9C22 
           disslv_K                9C8A 
           DIS_OCV_T               9DA6 
           DIS_OCV_E               9CD4 
           DIS_OCV_NUMBER_COM      9D3E 
           DIS_OCV_J               9DF0 
           DIS_OCV_K               9E2C 
           DIS_SLV_T               9F0E 
           DIS_SLV_E               9E4C 
           DIS_SLV_NUMBER_COM      9EA6 
           DIS_SLV_J               9F58 
           DIS_SLV_K               9FA4 
           DIS_9_6V_T              A0D0 
           DIS_9_6V_E              9FC6 
           DIS_9_6V_NUMBER_COM     A020 
           DIS_9_6V_NUMBER_COM_24V
                                   A074 
           DIS_9_6V_NUMBER_COM_12V
                                   A02A 
           DIS_9_6V_J              A11A 
           DIS_9_6V_K              A166 
           dis_detect_connect_black_LINE
                                   A17A 
           dis_detect_connect_black_T
                                   A2FC 
           dis_detect_connect_black_E
                                   A186 
           dis_detect_connect_black_J
                                   A3C8 
           dis_detect_connect_black_K
                                   A47A 
           dis_detect_connect_red_LINE
                                   A4EC 
           dis_detect_connect_red_T
                                   A650 
           dis_detect_connect_red_E
                                   A4F8 
           dis_detect_connect_red_J
                                   A71C 
           dis_detect_connect_red_K
                                   A7CE 
           dis_detect_engine_LINE
                                   A840 
           dis_detect_engine_T     AAD6 
           dis_detect_engine_E     A84C 
           dis_detect_engine_J     AC0C 
           dis_detect_engine_K     AD58 
           dis_detect_low_voltage_LINE
                                   ADB8 
           dis_detect_low_voltage_T
                                   AF7C 
           dis_detect_low_voltage_E
                                   ADC4 
           dis_detect_low_voltage_J
                                   B050 
           dis_detect_low_voltage_K
                                   B11E 
           dis_detect_surface_LINE
                                   B162 
           dis_detect_surface_T    B360 
           dis_detect_surface_E    B16E 
           dis_detect_surface_J    B408 
           dis_detect_surface_K    B4A2 
           dis_light_off_LINE      B4F2 
           dis_light_off_T         B7F0 
           dis_light_off_E         B4FE 
           dis_light_off_J         B978 
           dis_light_off_K         BA46 
           disselvoltage_12_24     BA88 
           disselvoltage_12_24_T   BB8E 
           disselvoltage_12_24_E   BA94 
           disselvoltage_12_24_J   BBF4 
           disselvoltage_12_24_K   BC5C 
           dis_12v_24v             BCDA 
           SEL_12v                 BCEC 
           SEL_24v                 BD26 
           disagm                  BD50 
           disagm_T                BEE0 
           disagm_E                BD5C 
           SEL_28_E                BE54 
           DIS_AGM_EFB_COM         C0E2 
           disagm_J                BF92 
           SEL_28                  BF70 
           disagm_K                C028 
           SEL_28J                 C006 
           SEL_28K                 C0B4 
           SEL_29K                 C0F0 
           SEL_30k                 C132 
           TEST                    C164 
           TEST_L4                 C178 
           testmode_y_0            C192 
           testmode_y_1            C1CC 
           TEST_L1                 C1DE 
           auto_rang_adc_4_1       C1F4 
           testIFG                 C1F8 
           auto_rang_adc_4_2       C214 
           testIFG_1               C218 
           auto_rang_adc_4_3       C232 
           auto_rang_adc_4_4       C23E 
           TEST_L2                 C2B6 
           auto_rang_sel           C2E6 
           auto_rang_sel_1         C2EE 
           auto_powe_bypass        C372 
           CALCULATE_cca_24vx2     C38E 
           CALCULATE_cca_12vx1     C396 
           not_agm                 C400 
           EFB                     C3F8 
           AGM                     C3EE 
           e                       E164 
           f                       E168 
           CCA_OVER_9999           C41E 
           CCA_NOR                 C424 
           EN_CALCULATE            C42C 
           a                       E154 
           b                       E158 
           c                       E15C 
           EN_P                    C4B2 
           PER1                    C508 
           DIN_P                   C4C4 
           IEC_P                   C4D4 
           JIS1_P                  C4E6 
           JIS2_P                  C4F8 
           EN_P_K                  C548 
           PER2                    C59E 
           DIN_P_K                 C55A 
           IEC_P_K                 C56A 
           JIS1_P_K                C57C 
           JIS2_P_K                C58E 
           TESTEND                 C740 
           d                       E160 
           PERCEN_OVER             C600 
           PERCEN                  C606 
           voltage_24v_adc3_2      C616 
           voltage_12v_adc3        C618 
           DISPLAY_GOOD_OR_REPLACE_24V
                                   C742 
           GOOD_OR_BAD             C6CE 
           CELL_BAD                C6B8 
           CHARGE_RETEST_REPLACE   C6F2 
           PASS                    C728 
           CHARGE_RETEST           C71A 
           GOOD_OR_BAD_24V         C768 
           CELL_BAD_24V            C752 
           CHARGE_RETEST_REPLACE_24V
                                   C78C 
           TESTEND_24V             C7DA 
           PASS_24V                C7C2 
           CHARGE_RETEST_24V       C7B4 
           print                   C7DC 
           print_have              C7DC 
           SetupP3                 D010 
           print_con               C7E4 
           print_data              C80E 
           print_con_com           C7F4 
           print_cancel            C80C 
           print_constant          D050 
           PRINT_ITEM_TABLE        C85C 
           print_battery           C862 
           print_generator         CB6C 
           print_slv_repeat        CB6A 
           print_battery_T         C908 
           print_battery_E         C868 
           print_word_table        D03E 
           print_not_spec_1_E      C884 
           print_cca_en_din_iec_key_val
                                   D0CE 
           print_cca_en_din_iec_unit
                                   D154 
           print_sp_1_line         D3AC 
           print_not_spec_2_E      C8A0 
           print_good_bad_e        D26E 
           print_number_0_9        D05E 
           print_cca_en_din_iec_val
                                   D10A 
           print_res               D19C 
           print_not_spec_3_E      C8FE 
           print_charge_cellbad_e
                                   D366 
           print_soc_square_com    CB3A 
           print_battery_J         C9AE 
           print_not_spec_1_t      C92A 
           print_not_spec_2_t      C946 
           print_good_bad_t        D208 
           print_not_spec_3_t      C9A4 
           print_charge_cellbad_t
                                   D292 
           print_battery_K         CA56 
           print_not_spec_1_J      C9D2 
           print_not_spec_2_J      C9EE 
           print_good_bad_J        D22A 
           print_not_spec_3_J      CA4C 
           print_charge_cellbad_J
                                   D2D8 
           print_sp_2_line         D3B6 
           print_not_spec_1_K      CAB6 
           print_not_spec_2_K      CAD2 
           print_good_bad_K        D24C 
           print_not_spec_3_K      CB30 
           print_charge_cellbad_K
                                   D320 
           print_square_caculate_life
                                   DAA2 
           print_square_loop       DD6A 
           print_square_caculate_soc
                                   DB06 
           print_Customer_name     CF88 
           print_over_3_line       D3C8 
           print_slv_repeat_1      CB92 
           print_generator_T       CB78 
           print_generator_E       CB72 
           PRINT_e_number_COM      CBDE 
           print_generator_J       CB84 
           print_generator_K       CB94 
           print_slv               CD94 
           PRINT_3000_1500_COM     CD10 
           PRINT_150v_300v_COM     CD26 
           PRINT_133v_266v_COM     CD3C 
           print_square_caculate_generator_3000
                                   DB9C 
           PRINT_2000_1000_COM     CD52 
           PRINT_135v_270v_COM     CD68 
           PRINT_125v_250v_COM     CD7E 
           print_square_caculate_generator_2000
                                   DC38 
           print_24v_1500          CD20 
           print_12v_3000          CD24 
           PRINT_300v              CD36 
           PRINT_150v              CD3A 
           PRINT_266v              CD4C 
           PRINT_133v              CD50 
           PRINT_1000rpm           CD62 
           PRINT_2000rpm           CD66 
           PRINT_270v              CD78 
           PRINT_135v              CD7C 
           PRINT_250v              CD8E 
           PRINT_125v              CD92 
           print_slv_T             CDF4 
           print_slv_E             CD9A 
           PRINT_9V2_15V5_COM      CF54 
           print_slv_J             CE54 
           print_slv_K             CEB6 
           String_24V              CF64 
           String_pass             CF6A 
           print_square_caculate_slv
                                   DCD4 
           print_Customer_name_T   CFAC 
           print_Customer_name_E   CF8E 
           print_Customer_name_J   CFD0 
           print_Customer_name_K   CFF6 
           SetupUART0              D016 
           TX1                     D03E 
           TX2                     D050 
           print_num_1             D07C 
           print_num_2             D082 
           print_num_3             D08E 
           dot_not                 D0A0 
           print_num_5             D0B4 
           print_num_4             D0AE 
           print_num_6             D0C0 
           print_en_key_val        D0DE 
           print_cca_en_din_iec_key_val_end
                                   D104 
           print_din_key_val       D0EC 
           print_iec_key_val       D0F8 
           print_cca_en_din_iec_key_val_not
                                   D108 
           print_en_val            D11A 
           print_cca_en_din_iec_val_end
                                   D14E 
           print_din_val           D128 
           print_iec_val           D134 
           print_unkno_val         D142 
           print_cca_en_din_iec_val_not
                                   D152 
           print_en_unit           D162 
           print_cca_en_din_iec_unit_end
                                   D196 
           print_din_unit          D170 
           print_iec_unit          D17C 
           print_unkno_unit        D18A 
           print_cca_en_din_iec_unit_not
                                   D19A 
           print_MR_1              D1BC 
           print_MR_2              D1C2 
           print_MR_3              D1CE 
           print_good_bad_t_bad    D216 
           print_good_bad_t_end    D224 
           print_good_bad_t_not    D228 
           print_good_bad_J_bad    D238 
           print_good_bad_J_end    D246 
           print_good_bad_J_not    D24A 
           print_good_bad_K_bad    D25A 
           print_good_bad_K_end    D268 
           print_good_bad_K_not    D26C 
           print_good_bad_e_bad    D27C 
           print_good_bad_e_end    D28C 
           print_good_bad_e_not    D290 
           print_charge_cellbad_t_restest
                                   D2A2 
           print_charge_cellbad_t_end
                                   D2BE 
           print_charge_cellbad_t_cellbad
                                   D2B0 
           print_charge_cellbad_t_not
                                   D2C4 
           print_charge_cellbad_J_restest
                                   D2E8 
           print_charge_cellbad_J_end
                                   D306 
           print_charge_cellbad_J_cellbad
                                   D2F8 
           print_charge_cellbad_J_not
                                   D30C 
           print_charge_cellbad_K_restest
                                   D32E 
           print_charge_cellbad_K_end
                                   D34C 
           print_charge_cellbad_K_cellbad
                                   D33E 
           print_charge_cellbad_K_not
                                   D352 
           print_charge_cellbad_e_restest
                                   D374 
           print_charge_cellbad_e_end
                                   D392 
           print_charge_cellbad_e_cellbad
                                   D384 
           print_charge_cellbad_e_not
                                   D398 
           USART0TX_ISR            D3E2 
           Done                    D3E2 
           USART0RX_ISR            D3E4 
           USART_Done              D3E4 
           generator               D3E6 
           generator_L1            D3F6 
           SELECT_BATT_GENERATOR_rep2
                                   D5F2 
           generator_max_min_test
                                   D40E 
           gen_max                 D428 
           gen_max_L1              D44E 
           generator_val           D4C4 
           gen_min                 D49A 
           generator_val_L1        D4D0 
           generator_val_max_min_test
                                   D4E8 
           gen_val_max             D4FE 
           gen_val_max_L1          D524 
           print_gener_start       D59A 
           gen_val_min             D570 
           generator_print_end     D5C0 
           generator_print_re_display_generator
                                   D5B4 
           SELECT_BATT_GENERATOR   E274 
           LANGUAGE_SEL            D5F6 
           LAN_1                   D602 
           LAN_2                   D618 
           write_flash             D628 
           pp_1                    D61E 
           LAN_T                   D638 
           write_flash_LANG_VAL    D69E 
           LAN_J                   D64A 
           LAN_K                   D65E 
           LANGUAGE_SEL_ESC        D670 
           LANGUAGE_SEL_ESC_L1     D680 
           SELECT_BATT_GENERATOR_rep3
                                   D6E0 
           slv                     D6E4 
           slv_L1                  D720 
           slv_L2                  D720 
           print_slv_start         D760 
           SELECT_BATT_GENERATOR_rep4
                                   D7B8 
           slv_print_end           D786 
           slv_print_re_display_slv
                                   D77A 
           battery                 D7BC 
           batt_loop1              D7D8 
           SELECT_BATT_GENERATOR_rep1
                                   D824 
           detect_connect          DD98 
           detect_connect_engine   DDB4 
           KEYTABLE                D80C 
           CCA                     D828 
           EN                      D8E4 
           DIN                     D94E 
           IEC                     D9B6 
           JIS1                    DA20 
           JIS3                    DA54 
           CCA_L1                  D838 
           battery_rep1            DA78 
           CCA_L2                  D868 
           CCA_END                 D874 
           print_battery_start     D890 
           battery_print_end       D8B2 
           battery_print_re_display_battery
                                   D8AA 
           EN_L1                   D8F6 
           EN_L2                   D926 
           EN_END                  D932 
           DIN_L1                  D95E 
           DIN_L2                  D98E 
           DIN_END                 D99A 
           IEC_L1                  D9C8 
           IEC_L2                  D9F8 
           IEC_END                 DA04 
           JIS1_L1                 DA32 
           JIS_L2                  DA4A 
           JIS3_L1                 DA66 
           JIS3_L2                 DA76 
           adc10_tempture          DA7C 
           no_dis_adc10            DA92 
           soc_12v                 DB1E 
           soc_PERCEN_continue     DB24 
           soc_PERCEN_less         DB2A 
           soc_PERCEN              DB38 
           soc_PERCEN_OVER         DB32 
           rpm3000_132v            DBBA 
           generator_PERCEN_less_3000
                                   DBC6 
           generator_PERCEN_3000   DBD4 
           generator_PERCEN_OVER_3000
                                   DBCE 
           rpm2000_124v            DC56 
           generator_PERCEN_less_2000
                                   DC62 
           generator_PERCEN_2000   DC70 
           generator_PERCEN_OVER_2000
                                   DC6A 
           slv_12v                 DCEC 
           slv_PERCEN_continue     DCF2 
           slv_PERCEN_less         DCF8 
           slv_PERCEN              DD06 
           slv_PERCEN_OVER         DD00 
           print_square_spec_loop
                                   DD80 
           print_square_spec_end   DD96 
           dis_detect_connect_black
                                   DE18 
           dis_detect_connect_red
                                   DE40 
           engine_24V              DDD2 
           dis_detect_engine       DE68 
           detect_connect_low_voltage
                                   DDDA 
           detect_connect_surface
                                   DDF8 
           low_voltage_24V         DDF0 
           dis_detect_low_voltage
                                   DEAE 
           detect_connect_surface_1
                                   DE16 
           surface_24V             DE0E 
           dis_detect_surface      DF16 
           black                   DE20 
           red                     DE48 
           engine                  DE70 
           engine_L1               DE88 
           SELECT_12V_24V_rep1     DFE2 
           engine_L1_24V           DEA0 
           engine_L1_12V_jmp_point
                                   DEA8 
           low_voltage             DEBE 
           low_voltage_1           DF0C 
           detect_low_voltage_24V
                                   DEFA 
           low_voltage_12V_jmp_poin
                                   DF02 
           surface_b               DF22 
           surface                 DF2C 
           surface_time_out        DF9C 
           surface_L1              DF56 
           engine_surface_24V      DF74 
           surface_1               DFB8 
           engine_surface_24V_jmp_point
                                   DF7C 
           detect_end              DFC8 
           engine_surface_24V_2    DF94 
           dis_light_off           DFD8 
           surface_2               DFAA 
           SELECT_12V_24V          E23E 
           g                       E16C 
           h                       E170 
           MAIN                    E174 
           StopWDT                 E178 
           SetupP1                 E17E 
           nor_mode                E1D6 
           E_C                     E1DA 
           ENGLISH_TAIWAN_pass_1   E230 
           ENGLISH_TAIWAN_pass     E23A 
           SELECT_12V_24V_loop     E254 
           SELECTLOOP              E288 
           KEYTABLEa               E2B2 
           SELECT_VRAL_AGM         E2BE 
           SELECT_VRAL_AGM_loop    E2D4 
           LANGUAGE_SEL_ESC_rep1   E2FC 



                ****************************************
                *                                      *
                *      SEGMENTS IN ADDRESS ORDER       *
                *                                      *
                ****************************************


SEGMENT              SPACE    START ADDRESS   END ADDRESS     SIZE  TYPE  ALIGN
=======              =====    =============   ===========     ====  ====  =====
                                       1100 - E2FF            D200  aseg  
                                       FFE8 - FFE9               2  aseg  
                                       FFEC - FFF3               8  aseg  
                                       FFFE - FFFF               2  aseg  

                ****************************************
                *                                      *
                *        END OF CROSS REFERENCE        *
                *                                      *
                ****************************************

 0 bytes of CODE memory (+ 53 772 absolute )

Errors: none
Warnings: none

