################################################################################
#                                                                              #
#      IAR Universal Linker V6.5.1.95                                          #
#                                                                              #
#           Link time     =  24/Sep/2021  16:13:06                             #
#           Target CPU    =  MSP430                                            #
#           List file     =  D:\Desktop\1bproduct\battpcb5.0\battvat578\bbppro #
#                            g\Debug\List\vat578.map                           #
#           Output file 1 =  D:\Desktop\1bproduct\battpcb5.0\battvat578\bbppro #
#                            g\Debug\Exe\vat578.txt                            #
#                            Format: msp430_txt                                #
#           Command line  =  -f C:\Users\james\AppData\Local\Temp\EW9D7B.tmp   #
#                            (D:\Desktop\1bproduct\battpcb5.0\battvat578\bbppr #
#                            og\Debug\Obj\battprintmain.r43                    #
#                            -o                                                #
#                            D:\Desktop\1bproduct\battpcb5.0\battvat578\bbppro #
#                            g\Debug\Exe\vat578.txt                            #
#                            -Fmsp430_txt -l                                   #
#                            D:\Desktop\1bproduct\battpcb5.0\battvat578\bbppro #
#                            g\Debug\List\vat578.map                           #
#                            -xms                                              #
#                            "-IC:\Program Files (x86)\IAR Systems\Embedded Wo #
#                            rkbench 8.0\430\LIB\"                             #
#                            -f                                                #
#                            "C:\Program Files (x86)\IAR Systems\Embedded Work #
#                            bench 8.0\430\config\linker\lnk430f149.xcl"       #
#                            (-cmsp430 -QCODE_I=CODE_ID -QTLS16_I=TLS16_ID     #
#                            -D__iar_HWMUL=130 -Z(CONST)INFO=1000-10FF         #
#                            -Z(CONST)INFOA=1080-10FF                          #
#                            -Z(CONST)INFOB=1000-107F                          #
#                            -Z(DATA)DATA16_I,DATA16_Z,DATA16_N,TLS16_I=0200-0 #
#                            9FF                                               #
#                            -Z(DATA)DATA16_HEAP+_DATA16_HEAP_SIZE             #
#                            -Z(DATA)CODE_I -Z(DATA)CSTACK+_STACK_SIZE#        #
#                            -Z(CONST)DATA16_C,DATA16_ID,TLS16_ID,DIFUNCT,CHEC #
#                            KSUM=1100-FFDF                                    #
#                            -Z(CODE)CSTART,ISR_CODE,CODE_ID=1100-FFDF         #
#                            -P(CODE)CODE=1100-FFDF -Z(CODE)INTVEC=FFE0-FFFF   #
#                            -Z(CODE)RESET=FFFE-FFFF) -f                       #
#                            "C:\Program Files (x86)\IAR Systems\Embedded Work #
#                            bench 8.0\430\config\linker\multiplier.xcl"       #
#                            (-e?Mul8Hw=?Mul8 -e?Mul16Hw=?Mul16                #
#                            -e?Mul16to32uHw=?Mul16to32u                       #
#                            -e?Mul16to32sHw=?Mul16to32s -e?Mul32Hw=?Mul32     #
#                            -e_Mul64iHw=_Mul64i                               #
#                            -e_Mul32u32uto64iHw=_Mul32u32uto64i               #
#                            -e?Mul32fHw=_Mul32f -e_Mul64fHwPtr=_Mul64fPtr)    #
#                            -D_STACK_SIZE=50 -D_DATA16_HEAP_SIZE=50           #
#                            -D_DATA20_HEAP_SIZE=50)                           #
#                                                                              #
#                           Copyright (C) 1987-2016 IAR Systems AB.            #
################################################################################





                ****************************************
                *                                      *
                *           CROSS REFERENCE            *
                *                                      *
                ****************************************

                  There are no program entries.


                ****************************************
                *                                      *
                *    AUTOMATIC SYMBOL REDIRECTIONS     *
                *                                      *
                ****************************************

                  There are no automatic symbol redirections.



                ****************************************
                *                                      *
                *              MODULE MAP              *
                *                                      *
                ****************************************


  DEFINED ABSOLUTE ENTRIES
    *************************************************************************

  DEFINED ABSOLUTE ENTRIES
  PROGRAM MODULE, NAME : ?ABS_ENTRY_MOD

Absolute parts
           ENTRY                   ADDRESS         REF BY
           =====                   =======         ======
           _DATA20_HEAP_SIZE       0050 
           _DATA16_HEAP_SIZE       0050 
           _STACK_SIZE             0050 
           __iar_HWMUL             0130 
    *************************************************************************

  FILE NAME : D:\Desktop\1bproduct\battpcb5.0\battvat578\bbpprog\Debug\Obj\battprintmain.r43
  PROGRAM MODULE, NAME : battprintmain

Absolute parts
     1100 - DA41
     FFE8 - FFE9
     FFEC - FFF3
     FFFE - FFFF
           ENTRY                   ADDRESS         REF BY
           =====                   =======         ======
           FLT_ADD                 113C 
           FLT_SUB                 1140 
           FLT_MUL                 120C 
           FLT_DIV                 12CE 
           FLT_CMP                 1392 
           FLT_SAV                 1100 
           FLT_REC                 111E 
           FLT_END                 135A 
           CNV_BIN40               1412 
           CNV_BIN32               1416 
           CNV_BIN32U              1420 
           CNV_BIN16               1428 
           CNV_BIN16U              1434 
           CNV_BIN                 143A 
           CNV_FP_BIN              14C8 
           CNV_BCD_FP              1450 
           CNV_FP_BCD              14CC 
           LOCAL                   ADDRESS         
           =====                   =======         
           FSA                     1144 
           EXIT                    134C 
           FA12                    1168 
           FA1                     1184 
           FA2                     119E 
           FA3                     11A2 
           RES0                    1368 
           FA6                     11C8 
           DDRNZ                   1344 
           FA7                     11BA 
           FA8                     11F2 
           FA10                    11DC 
           DBL_UNDERFLOW           1368 
           FA11                    1208 
           DBL_OVERFLOW            1372 
           NORMLZ                  1338 
           FM1                     1228 
           FM2                     122E 
           FM5                     12C2 
           FM6                     12CA 
           DIV_BY_ZERO             138C 
           FD1                     12EC 
           FD2                     12F2 
           FD4                     1304 
           FD3                     1314 
           FD5                     1332 
           EXITE                   134E 
           RES01                   136A 
           L$1                     137E 
           FC2                     13B8 
           A1LTA2                  13CA 
           FC4                     13B2 
           A1EQA2                  13CE 
           A1GTA2                  13B4 
           FC5                     13C8 
           FNZ1                    1402 
           FNZ2                    1410 
           CNVL$1                  1422 
           CNVL$2                  1438 
           NORM                    14A4 
           BCD_LOP1                146A 
           CNVL$5                  148A 
           NORM_LOP                14B2 
           NORMED                  14C2 
           CNV_ERR4                1562 
           BCD_CNV                 151C 
           FPBIN                   1508 
           BCD_LOP2                1526 
           CNV_ERR3                1552 
           FPBCD                   153A 
           N_0                     1570 
           N_1                     1580 
           N_2                     1590 
           N_3                     15A0 
           N_4                     15B0 
           N_5                     15C0 
           N_6                     15D0 
           N_7                     15E0 
           N_8                     15F0 
           N_9                     1600 
           DOT_BYE                 1610 
           N_11                    1618 
           N_12                    162E 
           N_13                    1644 
           N_14                    165A 
           N_16                    1670 
           N_17                    1690 
           N_18                    16AA 
           N_19                    172A 
           N_21                    1738 
           N_23                    1740 
           N_25                    1760 
           N_26                    1770 
           N_27                    1780 
           W_A                     1790 
           W_B                     17A6 
           W_C                     17BA 
           W_D                     17CE 
           W_E                     17E4 
           W_F                     17F6 
           W_G                     1806 
           W_H                     181C 
           W_I                     1832 
           W_J                     183C 
           W_K                     1848 
           W_L                     185E 
           W_M                     1870 
           W_N                     188A 
           W_O                     18A0 
           W_P                     18B6 
           W_Q                     18C6 
           W_R                     18DC 
           W_S                     18F0 
           W_T                     1900 
           W_U                     1912 
           W_V                     1928 
           W_W                     193E 
           W_X                     195A 
           W_Y                     1970 
           W_Z                     1986 
           W_a                     1998 
           W_b                     19A6 
           W_c                     19B6 
           W_d                     19C4 
           W_e                     19D4 
           W_f                     19E2 
           W_g                     19EC 
           W_h                     19FC 
           W_i                     1A0C 
           W_j                     1A14 
           W_k                     1A1C 
           W_l                     1A2C 
           W_m                     1A34 
           W_n                     1A4C 
           W_o                     1A5C 
           W_p                     1A6C 
           W_q                     1A7C 
           W_r                     1A8C 
           W_s                     1A96 
           W_t                     1AA2 
           W_u                     1AAA 
           W_v                     1ABA 
           W_w                     1ACA 
           W_x                     1AE0 
           W_y                     1AF0 
           W_z                     1B00 
           W_3                     1B0E 
           W_4                     1B2E 
           W_6                     1B4E 
           W_7                     1B6E 
           W_8                     1B8E 
           W_9                     1BAE 
           W_12                    1BCE 
           W_15                    1BEE 
           W_16                    1C0E 
           W_17                    1C2E 
           W_18                    1C4E 
           W_19                    1C6E 
           W_20                    1C8E 
           W_21                    1CAE 
           W_22                    1CCE 
           W_23                    1CEE 
           W_24                    1D0E 
           W_25                    1D2E 
           W_26                    1D4E 
           W_27                    1D6E 
           W_28                    1D8E 
           W_29                    1DAE 
           W_30                    1DCE 
           W_31                    1DEE 
           W_32                    1E0E 
           W_33                    1E2E 
           W_34                    1E4E 
           W_35                    1E6E 
           W_36                    1E8E 
           W_37                    1EAE 
           W_38                    1ECE 
           W_39                    1EEE 
           W_40                    1F0E 
           W_41                    1F2E 
           W_42                    1F4E 
           W_43                    1F6E 
           W_44                    1F8E 
           W_45                    1FAE 
           W_46                    1FCE 
           W_47                    1FEE 
           W_48                    200E 
           W_49                    202E 
           W_50                    204E 
           W_51                    206E 
           W_52                    208E 
           W_53                    20AE 
           W_54                    20CE 
           W_55                    20EE 
           W_56                    210E 
           W_57                    212E 
           W_58                    214E 
           W_59                    216E 
           W_60                    218E 
           W_61                    21AE 
           W_62                    21CE 
           W_63                    21EE 
           W_64                    220E 
           W_65                    222E 
           W_66                    224E 
           W_67                    226E 
           W_68                    228E 
           W_69                    22AE 
           W_70                    22CE 
           W_71                    22EE 
           W_72                    230E 
           W_73                    232E 
           W_74                    234E 
           W_75                    236E 
           W_76                    238E 
           W_77                    23AE 
           W_78                    23CE 
           W_79                    23EE 
           W_80                    240E 
           W_81                    242E 
           W_82                    244E 
           W_83                    246E 
           W_84                    248E 
           W_85                    24AE 
           W_86                    24CE 
           W_87                    24EE 
           W_88                    250E 
           W_89                    252E 
           W_91                    254E 
           W_92                    256E 
           W_93                    258E 
           W_94                    25AE 
           W_95                    25CE 
           W_96                    25EE 
           W_97                    260E 
           W_98                    262E 
           W_99                    264E 
           W_100                   266E 
           W_101                   268E 
           W_102                   26AE 
           W_103                   26CE 
           W_104                   26EE 
           W_105                   270E 
           W_106                   272E 
           W_107                   274E 
           W_108                   276E 
           W_109                   278E 
           W_110                   27AE 
           W_111                   27CE 
           W_112                   27EE 
           W_113                   280E 
           W_114                   282E 
           W_116                   284E 
           W_118                   286E 
           W_121                   288E 
           W_122                   28AE 
           W_123                   28CE 
           W_124                   28EE 
           W_125                   290E 
           W_126                   292E 
           W_127                   294E 
           W_128                   296E 
           W_129                   298E 
           W_131                   29AE 
           W_132                   29CE 
           W_133                   29EE 
           W_134                   2A0E 
           W_135                   2A2E 
           W_136                   2A4E 
           W_137                   2A6E 
           W_138                   2A8E 
           W_139                   2AAE 
           W_140                   2ACE 
           W_141                   2AEE 
           W_142                   2B0E 
           W_143                   2B2E 
           W_144                   2B4E 
           W_145                   2B6E 
           W_146                   2B8E 
           W_147                   2BAE 
           W_148                   2BCE 
           W_149                   2BEE 
           W_150                   2C0E 
           W_151                   2C2E 
           W_152                   2C4E 
           W_154                   2C6E 
           W_155                   2C8E 
           W_156                   2CAE 
           W_157                   2CCE 
           W_158                   2CEE 
           W_159                   2D0E 
           W_160                   2D2E 
           W_161                   2D4E 
           W_162                   2D6E 
           W_163                   2D8E 
           W_164                   2DAE 
           W_165                   2DCE 
           W_166                   2DEE 
           W_167                   2E0E 
           W_168                   2E2E 
           W_169                   2E4E 
           W_170                   2E6E 
           W_171                   2E8E 
           W_172                   2EAE 
           W_173                   2ECE 
           W_174                   2EEE 
           W_175                   2F0E 
           W_176                   2F2E 
           W_177                   2F4E 
           W_178                   2F6E 
           W_179                   2F8E 
           W_180                   2FAE 
           W_181                   2FCE 
           W_182                   2FEE 
           W_183                   300E 
           W_184                   302E 
           W_185                   304E 
           W_186                   306E 
           W_187                   308E 
           W_188                   30AE 
           W_189                   30CE 
           W_190                   30EE 
           W_191                   310E 
           W_192                   312E 
           W_193                   314E 
           W_194                   316E 
           W_195                   318E 
           W_196                   31AE 
           W_197                   31CE 
           W_198                   31EE 
           W_199                   320E 
           W_200                   322E 
           W_211                   324E 
           W_212                   326E 
           W_213                   328E 
           W_214                   32AE 
           W_215                   32CE 
           W_216                   32EE 
           W_217                   330E 
           K_1                     332E 
           K_2                     33AE 
           K_3                     33CA 
           K_4                     3426 
           K_5                     3482 
           K_6                     3502 
           K_7                     353C 
           K_8                     35BC 
           K_9                     35D8 
           K_10                    35F4 
           K_11                    3666 
           K_12                    36E6 
           K_13                    3746 
           K_14                    37A6 
           K_15                    37E6 
           K_16                    3836 
           K_17                    3870 
           K_18                    38F0 
           K_19                    390E 
           K_20                    394A 
           K_21                    39CA 
           K_22                    3A0A 
           K_23                    3A8A 
           K_24                    3B0A 
           K_25                    3B26 
           K_26                    3BA6 
           K_27                    3BE4 
           K_28                    3C52 
           K_29                    3CB2 
           K_30                    3D32 
           K_31                    3D9E 
           K_32                    3DFE 
           K_33                    3E38 
           K_34                    3E52 
           K_35                    3ED2 
           K_36                    3F32 
           K_37                    3FB2 
           K_38                    4012 
           K_39                    4092 
           K_40                    4112 
           K_41                    4192 
           K_42                    41F2 
           K_43                    4272 
           K_44                    42AE 
           K_45                    430E 
           K_46                    434A 
           K_47                    4366 
           K_48                    43CA 
           K_49                    442E 
           K_50                    446E 
           K_54                    44EE 
           K_55                    452E 
           K_56                    4548 
           K_57                    4566 
           K_64                    45A4 
           K_65                    45E2 
           K_66                    461E 
           K_67                    469E 
           K_68                    471E 
           K_69                    473C 
           K_70                    47BC 
           K_71                    481A 
           K_72                    4856 
           K_73                    4872 
           K_74                    48F2 
           K_75                    492E 
           K_76                    49A2 
           K_77                    4A22 
           String_SPEC_E           4A62 
           String_RESULTS_E        4A72 
           String_CHARGRETEST_E    4A82 
           String_CELLBAD_E        4A8F 
           String_RECHARGE_E       4A97 
           String_INTR_E           4A9F 
           String_LIFE_E           4AAF 
           String_GOOD_E           4ABF 
           String_BAD_E            4AC3 
           String_NORMALV_E        4ACA 
           String_CRANKV_E         4ADA 
           String_BATTREPORT_E     4AEA 
           String_soc_state_E      4AFC 
           String_Customer_name_E
                                   4B00 
           String_Technician_name_E
                                   4B09 
           String_CHARGREPORT_E    4B14 
           String_slv_E            4B26 
           String_SPEC_T           4B38 
           String_RESULTS_T        4B48 
           String_CHARGRETEST_T    4B58 
           String_CELLBAD_T        4B60 
           String_RECHARGE_T       4B68 
           String_INTR_T           4B6E 
           String_LIFE_T           4B7E 
           String_GOOD_T           4B8E 
           String_BAD_T            4B92 
           String_NORMALV_T        4B96 
           String_CRANKV_T         4BA6 
           String_BATTREPORT_T     4BB6 
           String_soc_state_T      4BC8 
           String_Customer_name_T
                                   4BD0 
           String_Technician_name_T
                                   4BD7 
           String_CHARGREPORT_T    4BDC 
           String_slv_T            4BEE 
           String_SPEC_J           4C00 
           String_RESULTS_J        4C10 
           String_CHARGRETEST_J    4C20 
           String_CELLBAD_J        4C2E 
           String_RECHARGE_J       4C36 
           String_INTR_J           4C3C 
           String_LIFE_J           4C4C 
           String_GOOD_J           4C5C 
           String_BAD_J            4C64 
           String_NORMALV_J        4C68 
           String_CRANKV_J         4C78 
           String_BATTREPORT_J     4C88 
           String_soc_state_J      4C9A 
           String_Customer_name_J
                                   4CA2 
           String_Technician_name_J
                                   4CA9 
           String_CHARGREPORT_J    4CB0 
           String_slv_J            4CC2 
           String_SPEC_K           4CD4 
           String_RESULTS_K        4CE4 
           String_CHARGRETEST_K    4CF4 
           String_CELLBAD_K        4CFE 
           String_RECHARGE_K       4D06 
           String_INTR_K           4D0E 
           String_LIFE_K           4D1E 
           String_GOOD_K           4D2E 
           String_BAD_K            4D32 
           String_NORMALV_K        4D36 
           String_CRANKV_K         4D46 
           String_dt_logo          4D56 
           String_BATTREPORT_K     4D72 
           String_Customer_name_K
                                   4D88 
           String_Technician_name_K
                                   4D90 
           String_CHARGREPORT_K    4D98 
           String_slv_K            4DAE 
           String_CCA              4DC4 
           String_EN               4DC8 
           String_DIN              4DCC 
           String_IEC              4DD0 
           String_M                4DD4 
           String_V                4DD8 
           String_p                4DDA 
           String_3000RPM          4DDC 
           String_2000RPM          4DEC 
           String_1500RPM          4DFC 
           String_1000RPM          4E0C 
           String_MAX              4E1C 
           String_MIN              4E20 
           String_150V             4E24 
           String_300V             4E2E 
           String_133V             4E38 
           String_266V             4E42 
           String_135V             4E4C 
           String_270V             4E56 
           String_125V             4E60 
           String_250V             4E6A 
           String_92V              4E74 
           String_155V             4E7B 
           String_DOT              4E83 
           String_0                4E84 
           String_sp1_10           4E8E 
           String_square           4E98 
           String_square_spec      4E9A 
           keyscan                 4E9C 
           P1ISR                   4EB8 
           scan                    4ED0 
           next                    4ED6 
           w3                      4EDE 
           DU_1                    4EE6 
           keyin                   4EFA 
           r_p1int                 4F3E 
           BEEP                    99F2 
           wait_kb                 4F0C 
           time_on                 4F2A 
           time_off                4F2E 
           key_time_out            4F3A 
           wait_relase             4F36 
           KEY_INDEX               4F76 
           time_on_1               4F66 
           PATTERNTABLE            4F86 
           SELECT_BATT_GENERATOR_brake
                                   4FB2 
           cca_en_iec_din          4FEE 
           CCA_INDEX               504A 
           EN_INDEX                50C2 
           DIN_INDEX               513A 
           IEC_INDEX               51B2 
           JIS1_INDEX              522A 
           JIS2_INDEX              5292 
           LANGUE_SEL              52FA 
           VOLTAGE_12V_24V_SEL     532C 
           VRAI_AGM_SEL            5384 
           KS3a                    4FB2 
           KS4a                    4FCA 
           KS0a                    4FC8 
           KS1a                    4FCA 
           KS5a                    4FE4 
           KS2a                    4FE2 
           KS6a                    4FE4 
           KS8a                    4FE4 
           KS7a                    4FE6 
           KS3                     4FEE 
           KS1                     5008 
           KS0                     5006 
           ks4                     5008 
           KS5                     5022 
           KS2                     5020 
           KS6                     5034 
           KS7                     5042 
           CCS0                    504A 
           CCS2                    5068 
           CCS1                    5066 
           CCS4                    5086 
           CCS3                    5084 
           CCS6                    50A4 
           CCS5                    50A2 
           CCS7                    50C0 
           EN0                     50C2 
           EN2                     50E0 
           EN1                     50DE 
           EN4                     50FE 
           EN3                     50FC 
           EN6                     511C 
           EN5                     511A 
           EN7                     5138 
           DIN0                    513A 
           DIN2                    5158 
           DIN1                    5156 
           DIN4                    5176 
           DIN3                    5174 
           DIN6                    5194 
           DIN5                    5192 
           DIN7                    51B0 
           IEC0                    51B2 
           IEC2                    51D0 
           IEC1                    51CE 
           IEC4                    51EE 
           IEC3                    51EC 
           IEC6                    520C 
           IEC5                    520A 
           IEC7                    5228 
           JIS10                   522A 
           JIS12                   5242 
           JIS11                   5240 
           JIS14                   525E 
           JIS13                   525C 
           JIS16                   5276 
           JIS15                   5274 
           JIS17                   5290 
           JIS20                   5292 
           JIS22                   52AA 
           JIS21                   52A8 
           JIS24                   52C6 
           JIS23                   52C4 
           JIS26                   52DE 
           JIS25                   52DC 
           JIS27                   52F8 
           KS3b                    52FA 
           KS4b                    5314 
           KS0b                    5312 
           KS1b                    5314 
           KS2b                    532A 
           KS3C                    532C 
           KS4C                    5346 
           KS0C                    5344 
           KS1C                    5346 
           KS5C                    535E 
           KS2C                    535C 
           KS6C                    5370 
           KS7C                    537E 
           KS3C_agm                5384 
           KS4C_agm                539C 
           KS0C_agm                539A 
           KS1C_agm                539C 
           KS2C_agm                53B4 
           disbrakefluid_SEL       53B6 
           KS3c                    53B6 
           KS0c                    53B6 
           KS1c                    53B6 
           KS4c                    53B6 
           KS2c                    53B6 
           adc_0_nor               53B8 
           SetupADC12              53B8 
           adc_common              541C 
           adc_common1             542A 
           adc_1_nor               53C8 
           adc_2_nor               53D8 
           adc_3_nor               53E8 
           delay_3ms               9AA4 
           adc_5_nor               53FC 
           adc_10_nor              540C 
           testIFG_1_testmode      5436 
           adc_0_avg               543E 
           adc_avg_common          54CE 
           adc_avg_0_loop1         5442 
           adc_avg_common1         54D8 
           adc_1_avg               5456 
           adc_avg_1_loop1         545A 
           adc_2_avg               546E 
           adc_avg_2_loop1         5472 
           adc_3_avg               5486 
           adc_avg_3_loop1         548A 
           adc_5_avg               549E 
           adc_avg_5_loop1         54A2 
           adc_10_avg              54B6 
           adc_avg_10_loop1        54BA 
           ADC12_ISR               54EA 
           BIN2BCD4                54F2 
           BIN1                    54F8 
           BCD_SWPB                5508 
           testmode                5572 
           LCM_INITIAL             57EC 
           testmode_1              5592 
           DIS_ADC3                8128 
           delay_500ms             9A94 
           test_mode               C284 
           DIS_CCA                 819C 
           UNIT_CCA_2              76F6 
           redis_MR                63A8 
           DIS_ADC1                812C 
           adc3_drift              55DE 
           adc3_drift_time_10      55EC 
           adc3_drift_100          55E6 
           DIS_ADC2                8130 
           adc3_VAL_temp_adc3_VAL_temp1
                                   562A 
           adc3_ok                 5636 
           adc3_ok_ok              563E 
           WRITE_LCM_CS1           5670 
           WRITE_INSTRUCTION_CS1   5738 
           PR_CS1_UP               5686 
           WRITE_DATA_CS1          577C 
           PR_CS1_DOWN             56A6 
           WRITE_LCM_CS2           56B2 
           WRITE_INSTRUCTION_CS2   575A 
           PR_CS2_UP               56C8 
           WRITE_DATA_CS2          57A6 
           PR_CS2_DOWN             56E8 
           WRITE_LCM_CS1_1         56F4 
           PR_CS1_UP_1             570A 
           WRITE_LCM_CS2_1         5716 
           PR_CS2_UP_1             572C 
           WORD_B_K                5792 
           WORD_B_K_1              57BC 
           LCM_ON                  57D0 
           LCM_OFF                 57DE 
           CLS1_LCM                5806 
           CLS2_LCM                5822 
           logo                    583A 
           eng                     588A 
           logo_1                  5850 
           PR_CS1_logo             586C 
           PR_CS2_logo             587A 
           display_v               5C8A 
           Write_SegA              5CCE 
           Timing                  5CCE 
           Erase_SegA              5CD4 
           Prog_SegA               5CE4 
           Prog_L1                 5CEA 
           CopyA2B                 5CEC 
           Erase_SegB              5CF4 
           Prog_SegB               5D08 
           Prog_L2                 5D0E 
           dislanguagesel          5D20 
           dislanguagesel_T        5E36 
           dislanguagesel_E        5D2C 
           dislanguagesel_J        5E9C 
           dislanguagesel_K        5F04 
           dislanguage             5F82 
           SEL_D                   5F90 
           SEL_E                   6004 
           SEL_j                   6056 
           SEL_K                   6086 
           disnopaper              6098 
           nopaper_val_01          60A6 
           disnopaper_T            611C 
           disnopaper_E            60B4 
           disnopaper_J            6152 
           disnopaper_K            616C 
           disnoprint              618C 
           disnoprint_T            61FE 
           disnoprint_E            619A 
           disnoprint_J            6254 
           disnoprint_K            6300 
           re_display_battery      6322 
           DISPLAY4                7424 
           redis_cca               6336 
           redis_en                634E 
           redis_PERCEN            6398 
           redis_din               6368 
           UNIT_EN_2               7758 
           redis_iec               6380 
           UNIT_DIN_2              77B8 
           redis_unknow            63BA 
           UNIT_IEC_2              7828 
           DIS_100                 78CC 
           redis_REPLACE           63A4 
           CALCULATE_GOOD_REPLACE
                                   C6F4 
           DIS_MR                  8226 
           re_display_generator    63CC 
           disgenerator_2000_rpm   894A 
           DIS_gen_val_now         9342 
           DIS_gen_val_max         90AC 
           DIS_gen_val_min         91F8 
           re_display_slv          63F6 
           disslv                  9AC0 
           DIS_OCV                 9CA4 
           DIS_9_6V                9F94 
           DIS_SLV                 9E1C 
           DISPLAY1                6418 
           DISPLAY1_T              658C 
           DISPLAY1_E              6424 
           DIS_CCA_EN_DIN_IEC_JIS_COM
                                   67A8 
           SEL_24_E                6522 
           DISPLAY1_J              6666 
           SEL_1                   6592 
           SEL_2                   65A0 
           SEL_3                   65B0 
           SEL_4                   65C0 
           SEL_5                   65D0 
           SEL_6                   65DE 
           SEL_7                   65EE 
           SEL_8                   65FE 
           SEL_24                  6622 
           SEL_25                  6634 
           SEL_26                  6644 
           SEL_27                  6654 
           DISPLAY1_K              6704 
           SEL_1J                  666E 
           SEL_2J                  667C 
           SEL_3J                  668C 
           SEL_4J                  669C 
           SEL_7J                  66AC 
           SEL_8J                  66BC 
           SEL_24J                 66E0 
           SEL_25J                 66F2 
           SEL_1K                  6704 
           SEL_7K                  6750 
           SEL_8K                  6760 
           SEL_24K                 6794 
           SEL_9_E                 67B6 
           SEL_12_E                67F4 
           SEL_14_E                6824 
           SEL_17_E                6864 
           SEL_20_E                68A4 
           DISPLAY2                68D4 
           DISPLAY2_T              6B44 
           DISPLAY2_E              68E0 
           ENTER_PRESS_E           6A2A 
           DISPLAY2_J              6CB6 
           ENTER_PRESS_T           6C0C 
           DISPLAY2_K              6DE8 
           ENTER_PRESS_J           6D62 
           ENTER_PRESS_K_1         6E9A 
           DISPLAY5                6ED0 
           DISPLAY5_T              71D6 
           DISPLAY5_E              6EDC 
           DISPLAY5_J              72CC 
           DISPLAY5_K              73A4 
           DISPLAY4_T              749C 
           DISPLAY4_E              742E 
           DISPLAY4_J              74E4 
           DISPLAY4_K              750E 
           DISPLAY7                7520 
           DISPLAY7_T              75EC 
           DISPLAY7_E              752A 
           DISPLAY7_J              7672 
           DISPLAY7_K              76AC 
           UNIT_CCA                76BE 
           UNIT_EN                 772E 
           UNIT_DIN                7780 
           UNIT_IEC                77F0 
           UNIT_JIS                7860 
           UNIT_JIS_2              7896 
           DIS_100_T               7918 
           DIS_100_E               78DA 
           DIS_100_UNMBER          7974 
           DIS_100_J               793E 
           DIS_100_K               7966 
           DIS_100_1               7994 
           SCAN_0_9                9A30 
           DIS_100_2               79A6 
           DIS_100_3               79B8 
           DIS_100_4               79C4 
           DIS_PASS                79E8 
           DIS_PASS_T              7A3E 
           DIS_PASS_E              79F4 
           DIS_PASS_J              7A74 
           DIS_PASS_K              7ABC 
           DIS_WARNING             7ACE 
           DIS_WARNING_T           7B52 
           DIS_WARNING_E           7ADA 
           DIS_WARNING_J           7B98 
           DIS_WARNING_K           7BE0 
           DIS_REPLACE             7C20 
           DIS_REPLACE_T           7CBC 
           DIS_REPLACE_E           7C2C 
           DIS_REPLACE_J           7D06 
           DIS_REPLACE_K           7D42 
           DIS_CHARGE_RETEST       7D58 
           DIS_CHARGE_RETEST_T     7E2E 
           DIS_CHARGE_RETEST_E     7D66 
           DIS_CHARGE_RETEST_J     7E74 
           DIS_CHARGE_RETEST_K     7ECC 
           DIS_CHARGE              7EEC 
           DIS_CHARGE_T            7F76 
           DIS_CHARGE_E            7EFA 
           DIS_CHARGE_J            7FAC 
           DIS_CHARGE_K            7FE4 
           DIS_CELL_BAD            7FF4 
           DIS_CELL_BAD_T          808A 
           DIS_CELL_BAD_E          8002 
           DIS_CELL_BAD_J          80D0 
           DIS_CELL_BAD_K          8118 
           DIS_ADC_COM             8134 
           DIS_CCA_COM             819E 
           DIS_CCA_1               81BC 
           DIS_CCA_2               81D0 
           DIS_CCA_3               81E2 
           DIS_CCA_4               81F4 
           DIS_CCA_5               8206 
           DIS_CCA_6               8212 
           DIS_MR_T                82C6 
           DIS_MR_E                8232 
           DIS_MR_NUMBER           8322 
           DIS_MR_J                82EC 
           DIS_MR_K                8314 
           DIS_MR_5                833E 
           DIS_MR_6                8354 
           DIS_MR_1                8368 
           DIS_MR_2                837C 
           DIS_MR_3                8390 
           DIS_MR_4                839E 
           DISPLAY3                8400 
           DISPLAY3_1              8422 
           DISPLAY3_2              843A 
           DISPLAY3_3              8452 
           DISPLAY3_4              8458 
           DISPLAY3_5              846E 
           DIS_TEST                8486 
           DIS_TEST_1              849A 
           disgenerator            84A8 
           disgenerator_T          8658 
           disgenerator_E          84B4 
           disgenerator_J          873A 
           disgenerator_K          8820 
           ENTER_PRESS_K_2         883E 
           disgenerator_3000_rpm   8874 
           disgenerator_3000_rpm_24v
                                   88E4 
           disgenerator_2000_rpm_24v
                                   89BA 
           dis_enter_test          8A20 
           dis_enter_test_T        8A34 
           dis_enter_test_E        8A2E 
           dis_enter_test_J        8A40 
           dis_enter_test_K        8A4E 
           disgenerator_val        8A54 
           disgenerator_val_T      8C10 
           disgenerator_val_E      8A60 
           disgenerator_val_J      8CE2 
           disgenerator_val_K      8DEE 
           DIS_gen_max             8E22 
           DIS_30_0V_NUMBER_COM_24V
                                   8F1C 
           DIS_15_0V_NUMBER_COM_12V
                                   8ED0 
           DIS_gen_min             8F68 
           DIS_26_6V_NUMBER_COM_24V
                                   9060 
           DIS_13_3V_NUMBER_COM_12V
                                   9014 
           DIS_27_0V_NUMBER_COM_24V
                                   91AA 
           DIS_13_5V_NUMBER_COM_12V
                                   915C 
           DIS_25_0V_NUMBER_COM_24V
                                   92F4 
           DIS_12_5V_NUMBER_COM_12V
                                   92A6 
           disselectitem           93B0 
           disselectitem_T         9634 
           disselectitem_E         93BC 
           SEL_F                   949C 
           SEL_G                   9514 
           SEL_H                   95BA 
           disselectitem_J         9758 
           SEL_A                   96C4 
           SEL_B                   96F2 
           SEL_C                   9734 
           disselectitem_K         9926 
           SEL_AJ                  97EA 
           SEL_BJ                  9846 
           SEL_CJ                  98C4 
           SEL_AK                  99A0 
           SEL_BK                  99BE 
           SEL_CK                  99DE 
           SetupC0                 99F8 
           SetupTA                 9A04 
           TA0_ISR                 9A10 
           t_e                     9A2E 
           SCAN_0_9_TABLE          9A3C 
           SCAN_0                  9A50 
           SCAN_1                  9A56 
           SCAN_2                  9A5C 
           SCAN_3                  9A62 
           SCAN_4                  9A68 
           SCAN_5                  9A6E 
           SCAN_6                  9A74 
           SCAN_7                  9A7A 
           SCAN_8                  9A80 
           SCAN_9                  9A86 
           delay_1s                9A8C 
           delay_unit              9AAC 
           delay_50ms              9A9C 
           d_1                     9AAC 
           d_2                     9AB2 
           disslv_T                9BA8 
           disslv_E                9ACC 
           disslv_J                9BFE 
           disslv_K                9C66 
           DIS_OCV_T               9D82 
           DIS_OCV_E               9CB0 
           DIS_OCV_NUMBER_COM      9D1A 
           DIS_OCV_J               9DCC 
           DIS_OCV_K               9E08 
           DIS_SLV_T               9EEA 
           DIS_SLV_E               9E28 
           DIS_SLV_NUMBER_COM      9E82 
           DIS_SLV_J               9F34 
           DIS_SLV_K               9F80 
           DIS_9_6V_T              A0AC 
           DIS_9_6V_E              9FA2 
           DIS_9_6V_NUMBER_COM     9FFC 
           DIS_9_6V_NUMBER_COM_24V
                                   A050 
           DIS_9_6V_NUMBER_COM_12V
                                   A006 
           DIS_9_6V_J              A0F6 
           DIS_9_6V_K              A142 
           dis_detect_connect_black_LINE
                                   A156 
           dis_detect_connect_black_T
                                   A2D8 
           dis_detect_connect_black_E
                                   A162 
           dis_detect_connect_black_J
                                   A3A4 
           dis_detect_connect_black_K
                                   A456 
           dis_detect_connect_red_LINE
                                   A4C8 
           dis_detect_connect_red_T
                                   A62C 
           dis_detect_connect_red_E
                                   A4D4 
           dis_detect_connect_red_J
                                   A6F8 
           dis_detect_connect_red_K
                                   A7AA 
           dis_detect_engine_LINE
                                   A81C 
           dis_detect_engine_T     AAB2 
           dis_detect_engine_E     A828 
           dis_detect_engine_J     ABE8 
           dis_detect_engine_K     AD34 
           dis_detect_low_voltage_LINE
                                   AD94 
           dis_detect_low_voltage_T
                                   AF58 
           dis_detect_low_voltage_E
                                   ADA0 
           dis_detect_low_voltage_J
                                   B02C 
           dis_detect_low_voltage_K
                                   B0FA 
           dis_detect_surface_LINE
                                   B13E 
           dis_detect_surface_T    B33C 
           dis_detect_surface_E    B14A 
           dis_detect_surface_J    B3E4 
           dis_detect_surface_K    B47E 
           dis_light_off_LINE      B4CE 
           dis_light_off_T         B7CC 
           dis_light_off_E         B4DA 
           dis_light_off_J         B954 
           dis_light_off_K         BA22 
           disselvoltage_12_24     BA64 
           disselvoltage_12_24_T   BB6A 
           disselvoltage_12_24_E   BA70 
           disselvoltage_12_24_J   BBD0 
           disselvoltage_12_24_K   BC38 
           dis_12v_24v             BCB6 
           SEL_12v                 BCC8 
           SEL_24v                 BD02 
           SEL_NIMH7_2V            BD3E 
           SEL_NIMH14_4V           BDC6 
           disagm                  BE4C 
           disagm_T                BFDC 
           disagm_E                BE58 
           SEL_28_E                BF50 
           DIS_AGM_EFB_COM         C1DE 
           disagm_J                C08E 
           SEL_28                  C06C 
           disagm_K                C124 
           SEL_28J                 C102 
           SEL_28K                 C1B0 
           SEL_29K                 C1EC 
           SEL_30k                 C22E 
           TEST                    C260 
           TEST_L4                 C274 
           testmode_y_0            C28E 
           testmode_y_1            C2C8 
           TEST_L1                 C2DA 
           auto_rang_adc_4_1       C2F0 
           testIFG                 C2F4 
           auto_rang_adc_4_2       C310 
           testIFG_1               C314 
           auto_rang_adc_4_3       C32E 
           auto_rang_adc_4_4       C33A 
           TEST_L2                 C3B2 
           auto_rang_sel           C3E2 
           auto_rang_sel_1         C3EA 
           CALCULATE_CCA_VAL       C460 
           CALCULATE_cca_24vx2     C47C 
           CALCULATE_cca_12vx1     C484 
           not_agm                 C4EE 
           EFB                     C4E6 
           AGM                     C4DC 
           e                       D87C 
           f                       D880 
           CCA_OVER_9999           C50C 
           CCA_NOR                 C512 
           EN_CALCULATE            C51A 
           a                       D86C 
           b                       D870 
           c                       D874 
           EN_P                    C5A0 
           PER1                    C5F6 
           DIN_P                   C5B2 
           IEC_P                   C5C2 
           JIS1_P                  C5D4 
           JIS2_P                  C5E6 
           EN_P_K                  C636 
           PER2                    C68C 
           DIN_P_K                 C648 
           IEC_P_K                 C658 
           JIS1_P_K                C66A 
           JIS2_P_K                C67C 
           TESTEND                 C82E 
           d                       D878 
           PERCEN_OVER             C6EE 
           PERCEN                  C6F4 
           voltage_24v_adc3_2      C704 
           voltage_12v_adc3        C706 
           DISPLAY_GOOD_OR_REPLACE_24V
                                   C830 
           GOOD_OR_BAD             C7BC 
           CELL_BAD                C7A6 
           CHARGE_RETEST_REPLACE   C7E0 
           PASS                    C816 
           CHARGE_RETEST           C808 
           GOOD_OR_BAD_24V         C856 
           CELL_BAD_24V            C840 
           CHARGE_RETEST_REPLACE_24V
                                   C87A 
           TESTEND_24V             C8C8 
           PASS_24V                C8B0 
           CHARGE_RETEST_24V       C8A2 
           print                   C8CA 
           SetupP3                 C8CC 
           SetupUART0              C8D2 
           print_word_table        C8FA 
           TX1                     C8FA 
           print_constant          C90C 
           TX2                     C90C 
           print_number_0_9        C91A 
           print_num_1             C938 
           print_num_2             C93E 
           print_num_3             C94A 
           dot_not                 C95C 
           print_num_5             C970 
           print_num_4             C96A 
           print_num_6             C97C 
           print_cca_en_din_iec_key_val
                                   C98A 
           print_en_key_val        C99A 
           print_cca_en_din_iec_key_val_end
                                   C9C0 
           print_din_key_val       C9A8 
           print_iec_key_val       C9B4 
           print_cca_en_din_iec_key_val_not
                                   C9C4 
           print_cca_en_din_iec_val
                                   C9C6 
           print_en_val            C9D6 
           print_cca_en_din_iec_val_end
                                   CA0A 
           print_din_val           C9E4 
           print_iec_val           C9F0 
           print_unkno_val         C9FE 
           print_cca_en_din_iec_val_not
                                   CA0E 
           print_cca_en_din_iec_unit
                                   CA10 
           print_en_unit           CA1E 
           print_cca_en_din_iec_unit_end
                                   CA52 
           print_din_unit          CA2C 
           print_iec_unit          CA38 
           print_unkno_unit        CA46 
           print_cca_en_din_iec_unit_not
                                   CA56 
           print_res               CA58 
           print_MR_1              CA78 
           print_MR_2              CA7E 
           print_MR_3              CA8A 
           print_good_bad_t        CAC4 
           print_good_bad_t_bad    CAD2 
           print_good_bad_t_end    CAE0 
           print_good_bad_t_not    CAE4 
           print_good_bad_J        CAE6 
           print_good_bad_J_bad    CAF4 
           print_good_bad_J_end    CB02 
           print_good_bad_J_not    CB06 
           print_good_bad_K        CB08 
           print_good_bad_K_bad    CB16 
           print_good_bad_K_end    CB24 
           print_good_bad_K_not    CB28 
           print_good_bad_e        CB2A 
           print_good_bad_e_bad    CB38 
           print_good_bad_e_end    CB48 
           print_good_bad_e_not    CB4C 
           print_charge_cellbad_t
                                   CB4E 
           print_charge_cellbad_t_restest
                                   CB5E 
           print_charge_cellbad_t_end
                                   CB7A 
           print_charge_cellbad_t_cellbad
                                   CB6C 
           print_charge_cellbad_t_not
                                   CB80 
           print_charge_cellbad_J
                                   CB94 
           print_charge_cellbad_J_restest
                                   CBA4 
           print_charge_cellbad_J_end
                                   CBC2 
           print_charge_cellbad_J_cellbad
                                   CBB4 
           print_charge_cellbad_J_not
                                   CBC8 
           print_charge_cellbad_K
                                   CBDC 
           print_charge_cellbad_K_restest
                                   CBEA 
           print_charge_cellbad_K_end
                                   CC08 
           print_charge_cellbad_K_cellbad
                                   CBFA 
           print_charge_cellbad_K_not
                                   CC0E 
           print_charge_cellbad_e
                                   CC22 
           print_charge_cellbad_e_restest
                                   CC30 
           print_charge_cellbad_e_end
                                   CC4E 
           print_charge_cellbad_e_cellbad
                                   CC40 
           print_charge_cellbad_e_not
                                   CC54 
           print_sp_1_line         CC68 
           print_sp_2_line         CC72 
           print_over_3_line       CC84 
           USART0TX_ISR            CC9E 
           Done                    CC9E 
           USART0RX_ISR            CCA0 
           USART_Done              CCA0 
           generator               CCA2 
           generator_L1            CCB2 
           SELECT_BATT_GENERATOR_rep2
                                   CE96 
           generator_max_min_test
                                   CCCA 
           gen_max                 CCE4 
           gen_max_L1              CD06 
           generator_val           CD74 
           gen_min                 CD4E 
           generator_val_L1        CD80 
           generator_val_max_min_test
                                   CD98 
           gen_val_max             CDAE 
           gen_val_max_L1          CDD0 
           print_gener_start       CE3E 
           gen_val_min             CE18 
           generator_print_end     CE64 
           generator_print_re_display_generator
                                   CE58 
           SELECT_BATT_GENERATOR   D9BA 
           LANGUAGE_SEL            CE9A 
           LAN_1                   CEA6 
           LAN_2                   CEBC 
           write_flash             CECC 
           pp_1                    CEC2 
           LAN_T                   CEDC 
           write_flash_LANG_VAL    CF42 
           LAN_J                   CEEE 
           LAN_K                   CF02 
           LANGUAGE_SEL_ESC        CF14 
           LANGUAGE_SEL_ESC_L1     CF24 
           SELECT_BATT_GENERATOR_rep3
                                   CF84 
           SELECT_12V_24V          D95A 
           slv                     CF88 
           slv_L1                  CFC0 
           slv_L2                  CFC0 
           print_slv_start         CFFC 
           SELECT_BATT_GENERATOR_rep4
                                   D054 
           slv_print_end           D022 
           slv_print_re_display_slv
                                   D016 
           battery                 D058 
           batt_loop1              D074 
           SELECT_BATT_GENERATOR_rep1
                                   D0C0 
           detect_connect          D638 
           detect_connect_engine   D654 
           KEYTABLE                D0A8 
           CCA                     D0C4 
           EN                      D180 
           DIN                     D1EA 
           IEC                     D252 
           JIS1                    D2BC 
           JIS3                    D2F0 
           CCA_L1                  D0D4 
           battery_rep1            D306 
           CCA_L2                  D104 
           CCA_END                 D110 
           print_battery_start     D12C 
           battery_print_end       D14E 
           battery_print_re_display_battery
                                   D146 
           EN_L1                   D192 
           EN_L2                   D1C2 
           EN_END                  D1CE 
           DIN_L1                  D1FA 
           DIN_L2                  D22A 
           DIN_END                 D236 
           IEC_L1                  D264 
           IEC_L2                  D294 
           IEC_END                 D2A0 
           JIS1_L1                 D2CE 
           JIS_L2                  D2E6 
           battery_rep1_1          D318 
           adc10_tempture          D31C 
           no_dis_adc10            D332 
           print_square_caculate_life
                                   D342 
           print_square_caculate_soc
                                   D3A6 
           soc_12v                 D3BE 
           soc_PERCEN_continue     D3C4 
           soc_PERCEN_less         D3CA 
           soc_PERCEN              D3D8 
           soc_PERCEN_OVER         D3D2 
           print_square_caculate_generator_3000
                                   D43C 
           rpm3000_132v            D45A 
           generator_PERCEN_less_3000
                                   D466 
           generator_PERCEN_3000   D474 
           generator_PERCEN_OVER_3000
                                   D46E 
           print_square_caculate_generator_2000
                                   D4D8 
           rpm2000_124v            D4F6 
           generator_PERCEN_less_2000
                                   D502 
           generator_PERCEN_2000   D510 
           generator_PERCEN_OVER_2000
                                   D50A 
           print_square_caculate_slv
                                   D574 
           slv_12v                 D58C 
           slv_PERCEN_continue     D592 
           slv_PERCEN_less         D598 
           slv_PERCEN              D5A6 
           slv_PERCEN_OVER         D5A0 
           print_square_loop       D60A 
           print_square_spec_loop
                                   D620 
           print_square_spec_end   D636 
           dis_detect_connect_black
                                   D6B4 
           dis_detect_connect_red
                                   D6DC 
           engine_24V              D66E 
           dis_detect_engine       D704 
           detect_connect_low_voltage
                                   D676 
           detect_connect_surface
                                   D694 
           low_voltage_24V         D68C 
           dis_detect_low_voltage
                                   D746 
           detect_connect_surface_1
                                   D6B2 
           surface_24V             D6AA 
           dis_detect_surface      D7AA 
           black                   D6BC 
           red                     D6E4 
           engine                  D70C 
           engine_L1               D720 
           SELECT_12V_24V_rep1     D868 
           engine_L1_24V           D738 
           engine_L1_12V_jmp_point
                                   D740 
           low_voltage             D756 
           low_voltage_1           D7A0 
           detect_low_voltage_24V
                                   D78E 
           low_voltage_12V_jmp_poin
                                   D796 
           surface_b               D7B6 
           surface                 D7BA 
           surface_time_out        D822 
           surface_L1              D7E0 
           engine_surface_24V      D7FA 
           surface_1               D83E 
           engine_surface_24V_jmp_point
                                   D802 
           detect_end              D84E 
           engine_surface_24V_2    D81A 
           dis_light_off           D85E 
           surface_2               D830 
           g                       D884 
           h                       D888 
           MAIN                    D88C 
           StopWDT                 D890 
           SetupP1                 D896 
           nor_mode                D8EE 
           E_C                     D8F2 
           ENGLISH_TAIWAN_pass_1   D950 
           ENGLISH_TAIWAN_pass     D95A 
           SELECT_12V_24V_loop     D974 
           LANGUAGE_SEL_ESC_rep1   DA3E 
           KEYTABLE_NIMH           D9AA 
           SELECTLOOP              D9CE 
           KEYTABLEa               D9F8 
           SELECT_VRAL_AGM         DA04 
           SELECT_VRAL_AGM_loop    DA16 



                ****************************************
                *                                      *
                *      SEGMENTS IN ADDRESS ORDER       *
                *                                      *
                ****************************************


SEGMENT              SPACE    START ADDRESS   END ADDRESS     SIZE  TYPE  ALIGN
=======              =====    =============   ===========     ====  ====  =====
                                       1100 - DA41            C942  aseg  
                                       FFE8 - FFE9               2  aseg  
                                       FFEC - FFF3               8  aseg  
                                       FFFE - FFFF               2  aseg  

                ****************************************
                *                                      *
                *        END OF CROSS REFERENCE        *
                *                                      *
                ****************************************

 0 bytes of CODE memory (+ 51 534 absolute )

Errors: none
Warnings: none

